//3lach katktbo echo
//echo khsha tktb flfile liredirectit lih osff 
// ft_cmd_check segfault when there is no command and only multiple here docs
//dont exit in builtin
//what does unset return
//7l dossier 7l dossier fosto ms7 dossier lwl onta fost dossier tane, odir pwd odir cd . odir pwd hatfrbl 
//ila unsetit lpath minishell hatkhdm
//mt9oba
➜  mini2 git:(executor) ✗ env -i ./minishell
minishell$> mini
[1]    49583 segmentation fault  env -i ./minishell
➜  mini2 git:(executor) ✗ env -i ./minishell
minishell$> MINISHELL
[1]    49750 segmentation fault  env -i ./minishell
➜  mini2 git:(executor) ✗ env -i ./minishell
minishell$> minishell
[1]    49780 segmentation fault  env -i ./minishell
➜  mini2 git:(executor) ✗ ls
expand in execution
//env ila unsetit kolchi 
//export khsni nktbha bhal lbash

minishell$> $1
minishell$> $12

minishell$> $""

minishell$> /./

minishell$> $"USER"

where is expand 

minishell$> unset PATH
this is the string: PATH
minishell$> ls
minishell$> 

minishell$> unset PATH
this is the string: PATH
minishell$> /bin/ls
minishell$> 

env a 
$$$user SEGFAUlT
$US$ER SEGFAUlT


minishell$> rm -rf ../../../../1
minishell$> pwd
0
pwd: : No such file or directory
minishell$> unset PWD OLDPWD
0
this is the string: PWD
this is the string: OLDPWD
minishell$> cd ..
0

export v="a b c"

export $NOTHERE
export $NOTHERE $HOME

tcsetattr, tcgetattr function used for ctrl and \
bash-3.2$ exit
exit khs exit tktb
a============l export

export kakar+=========lokp

{export a="ls la"
export kakarot='$a'}
bash-3.2$ export a=$a=$a=$a

> ls
> $USER
> "$SE
> k
minishell: : No such file or directory
minishell: : No such file or directory
minishell: : No such file or directory
minishell: : No such file or directory
minishell$> << $USER
***************************
----REDIRECTION (Command: ) (Ambiguous: 0) (Quotes: 0) (Var: 0) (Fd_list: 0x604000002390) (fd_list_redirs: $USER) [Redirections: << $USER]
***************************
> $USER
minishell$> minishell$> << $"USER"
***************************
----REDIRECTION (Command: ) (Ambiguous: 0) (Quotes: 1) (Var: 0) (Fd_list: 0x604000002610) (fd_list_redirs: $USER) [Redirections: << $"USER"]
***************************
> $USER
minishell$> minishell$> << $"USER"
***************************
----REDIRECTION (Command: ) (Ambiguous: 0) (Quotes: 1) (Var: 0) (Fd_list: 0x604000002890) (fd_list_redirs: $USER) [Redirections: << $"USER"]
***************************
> $USER
minishell$> minishell$> << $$"USER"
***************************
----REDIRECTION (Command: $"USER") (Ambiguous: 0) (Quotes: 0) (Var: 0) (Fd_list: 0x604000002b10) (fd_list_redirs: $) (Command_arr: $USER) [Redirections: << $]
***************************
> $$USER
> $USER
> USER
> $$USER
> $"USER"
> 
➜  mini2 git:(executor) ✗ ./minishell
minishell$> ls > $ljljk
***************************
----WORD (Command: ls) (Ambiguous: 0) (Quotes: 0) (Var: 0) (Fd_list: 0x604000000650) (fd_list_redirs: $ljljk) (Command_arr: ls) [Redirections: > $ljljk]
***************************
minishell$> minishell$> ls > "$ljljk"
***************************
----WORD (Command: ls) (Ambiguous: 0) (Quotes: 1) (Var: 0) (Fd_list: 0x6040000008d0) (fd_list_redirs: $ljljk) (Command_arr: ls) [Redirections: > "$ljljk"]
***************************
minishell$> ls > "$ljljk"
➜  mini2 git:(executor) ✗ ./minishell
minishell$> '$USER
Syntax error: open quotes.
Syntax error: open quotes.
***************************
----WORD (Command: '$USER ) (Ambiguous: 0) (Quotes: 0) (Var: 0) (Fd_list: 0) (Command_arr: $USER)
***************************
minishell: aakroud: command not found
minishell$> '$USER'
***************************
----WORD (Command: '$USER' ) (Ambiguous: 0) (Quotes: 0) (Var: 0) (Fd_list: 0) (Command_arr: $USER)
***************************
minishell: aakroud: command not found
minishell$> $"USER"
***************************
----VARIABLE (Command: $"USER" ) (Ambiguous: 0) (Quotes: 0) (Var: 0) (Fd_list: 0) (Command_arr: $USER)
***************************
minishell: $USER: command not found
minishell$> export a="ls -l"
***************************
----COMMAND (Command: export a="ls -l" ) (Ambiguous: 0) (Quotes: 0) (Var: 0) (Fd_list: 0) (Command_arr: export) (Command_arr: a=ls -l)
***************************
minishell$> $a
***************************
----VARIABLE (Command: $a ) (Ambiguous: 0) (Quotes: 0) (Var: 0) (Fd_list: 0) (Command_arr: $a)
***************************
minishell: $a: command not found
minishell$> "echo " $USER
***************************
----WORD (Command: "echo " $USER ) (Ambiguous: 0) (Quotes: 0) (Var: 0) (Fd_list: 0) (Command_arr: echo ) (Command_arr: $USER)
***************************
aakroud
minishell$> $USER-
***************************
----VARIABLE (Command: $USER- ) (Ambiguous: 0) (Quotes: 0) (Var: 0) (Fd_list: 0) (Command_arr: $USER-)
***************************
minishell: $USER-: command not found
minishell$> $USER?
***************************
----VARIABLE (Command: $USER? ) (Ambiguous: 0) (Quotes: 0) (Var: 0) (Fd_list: 0) (Command_arr: $USER?)
***************************
minishell: $USER?: command not found
minishell$> ls | echo $?
***************************
----PIPE (Command: NULL) (Ambiguous: 0) (Quotes: 0) (Var: 0) (Fd_list: 0) (Command_arr: NULL)
    ---left;
    ----WORD (Command: ls ) (Ambiguous: 0) (Quotes: 0) (Var: 0) (Fd_list: 0) (Command_arr: ls)
    ---right;
        COMMAND (Command: echo $? ) (Ambiguous: 0) (Quotes: 0) (Var: 0) (Fd_list: 0) (Command_arr: echo) (Command_arr: $?)
***************************
?

-------------------------------------------------
====bash

The default interactive shell is now zsh.
To update your account to use zsh, please run `chsh -s /bin/zsh`.
For more details, please visit https://support.apple.com/kb/HT208050.
bash-3.2$ ls
0                                       process_all_redirections.o
1                                       process_all_redirections_helper.c
2                                       process_all_redirections_helper.o
a                                       process_all_redirections_helper_two.c
dynamic_allocations_buffers.c           process_all_redirections_helper_two.o
dynamic_allocations_buffers.o           process_nested_parentheses.c
echo                                    process_nested_parentheses.o
even_more_libft_funcs.c                 process_nested_parentheses_helper.c
even_more_libft_funcs.o                 process_nested_parentheses_helper.o
exec_utils.c                            process_pipe_tree.c
exec_utils.o                            process_pipe_tree.o
extra_tools.c                           process_pipe_tree_helper.c
extra_tools.o                           process_pipe_tree_helper.o
free_everything.c                       process_pipe_tree_helper_two.c
free_everything.o                       process_pipe_tree_helper_two.o
ft_builtin.c                            quotes_handle.c
ft_builtin.o                            quotes_handle.o
ft_strtrim.c                            redirections_opener.c
ft_strtrim.o                            redirections_opener.o
h j k                                   redirections_opener_helper.c
helpers.c                               redirections_opener_helper.o
helpers.o                               s ls
j                                       sgsgsg
jj                                      signals.c
lexer.c                                 some_new_other_helpers.c
lexer.o                                 some_new_other_helpers.o
lexer_helper.c                          some_other_helpers.c
lexer_helper.o                          some_other_helpers.o
lexer_helper_three.c                    str_extraction.c
lexer_helper_three.o                    str_extraction.o
lexer_helper_two.c                      syntax_error.c
lexer_helper_two.o                      syntax_error.o
libft_funcs.c                           syntax_error_helper.c
libft_funcs.o                           syntax_error_helper.o
list_init.c                             text.txt
list_init.o                             tree_maker.c
list_init_handlers.c                    tree_maker.o
list_init_handlers.o                    tree_maker_helper.c
ls -la                                  tree_maker_helper.o
lsok lssls                              tree_maker_helper_three.c
main_helper.c                           tree_maker_helper_three.o
main_helper.o                           tree_maker_helper_two.c
makefile                                tree_maker_helper_two.o
minishell                               variable_handle_helper.c
minishell.h                             variable_handle_helper.o
more_libft_funcs.c                      variable_handle_helper_two.c
more_libft_funcs.o                      variable_handle_helper_two.o
mt9oba.txt                              variables_handle.c
operation_extraction.c                  variables_handle.o
operation_extraction.o                  wild_cards.c
p                                       wild_cards.o
parentheses_extraction.c                word_extraction.c
parentheses_extraction.o                word_extraction.o
parsing.c                               word_extraction_helper.c
parsing.o                               word_extraction_helper.o
process_all_redirections.c
bash-3.2$ << $"USER"
> $USER
> USER
bash-3.2$ << $$"USER"
> USER
> $$USER
bash-3.2$ ls > "$klkl"
bash: : No such file or directory
bash-3.2$ ls > "$klkl "
bash-3.2$ ls > '$klkl '
bash-3.2$ $"USER"
bash: USER: command not found
bash-3.2$ $$$"USER"
bash: 6601USER: command not found
bash-3.2$ "echo " $USER
bash: echo : command not found
bash-3.2$ $USER-
bash: aakroud-: command not found
bash-3.2$ $USER?
bash: aakroud?: command not found
bash-3.2$ ls | echo $?
0
bash-3.2$ lsss | echo $?
0
bash: lsss: command not found
bash-3.2$ lss
\bash: lss: command not found
bash-3.2$ echo $?
127
bash-3.2$ lss
bash: lss: command not found
bash-3.2$ ls | echo $?
0
bash-3.2$ ls | echo $_

bash-3.2$ 
bash-3.2$ echo $_

bash-3.2$ jhkjg
bash: jhkjg: command not found
bash-3.2$ echo $_
jhkjg
bash-3.2$ export a=ls
bash-3.2$ export a="a b c"
bash-3.2$ export a=$a
bash-3.2$ export
declare -x COLORTERM="truecolor"
declare -x COMMAND_MODE="unix2003"
declare -x GIT_ASKPASS="/Applications/Visual Studio Code.app/Contents/Resources/app/extensions/git/dist/askpass.sh"
declare -x HOME="/mnt/homes/aakroud"
declare -x LANG="en_US.UTF-8"
declare -x LESS="-R"
declare -x LOGNAME="aakroud"
declare -x LSCOLORS="Gxfxcxdxbxegedabagacad"
declare -x LS_COLORS="di=1;36:ln=35:so=32:pi=33:ex=31:bd=34;46:cd=34;43:su=30;41:sg=30;46:tw=30;42:ow=30;43"
declare -x LaunchInstanceID="83C02B8F-D67A-473B-8817-4208803650EE"
declare -x MAIL="aakroud@student.1337.ma"
declare -x MallocNanoZone="0"
declare -x OLDPWD
declare -x ORIGINAL_XDG_CURRENT_DESKTOP="undefined"
declare -x PAGER="less"
declare -x PATH="/usr/local/bin:/usr/bin:/bin:/usr/sbin:/sbin:/usr/local/munki:/Library/Apple/usr/bin:/Library/Frameworks/Mono.framework/Versions/Current/Commands"
declare -x PWD="/mnt/homes/aakroud/Desktop/mini2"
declare -x SECURITYSESSIONID="186a8"
declare -x SHELL="/bin/zsh"
declare -x SHLVL="2"
declare -x SSH_AUTH_SOCK="/private/tmp/com.apple.launchd.pEDcY78nQg/Listeners"
declare -x TERM="xterm-256color"
declare -x TERM_PROGRAM="vscode"
declare -x TERM_PROGRAM_VERSION="1.89.1"
declare -x TMPDIR="/var/folders/zz/zyxvpxvq6csfxvn_n000cq940035t9/T/"
declare -x USER="aakroud"
declare -x USER_ZDOTDIR="/mnt/homes/aakroud"
declare -x VSCODE_GIT_ASKPASS_EXTRA_ARGS=""
declare -x VSCODE_GIT_ASKPASS_MAIN="/Applications/Visual Studio Code.app/Contents/Resources/app/extensions/git/dist/askpass-main.js"
declare -x VSCODE_GIT_ASKPASS_NODE="/Applications/Visual Studio Code.app/Contents/Frameworks/Code Helper (Plugin).app/Contents/MacOS/Code Helper (Plugin)"
declare -x VSCODE_GIT_IPC_HANDLE="/var/folders/zz/zyxvpxvq6csfxvn_n000cq940035t9/T/vscode-git-a689e73a15.sock"
declare -x VSCODE_INJECTION="1"
declare -x XPC_FLAGS="0x0"
declare -x XPC_SERVICE_NAME="0"
declare -x ZDOTDIR="/mnt/homes/aakroud"
declare -x ZSH="/mnt/homes/aakroud/.oh-my-zsh"
declare -x __CF_USER_TEXT_ENCODING="0x19749:0x0:0x0"
declare -x a="a b c"
bash-3.2$ export $a=$a
bash-3.2$ export
declare -x COLORTERM="truecolor"
declare -x COMMAND_MODE="unix2003"
declare -x GIT_ASKPASS="/Applications/Visual Studio Code.app/Contents/Resources/app/extensions/git/dist/askpass.sh"
declare -x HOME="/mnt/homes/aakroud"
declare -x LANG="en_US.UTF-8"
declare -x LESS="-R"
declare -x LOGNAME="aakroud"
declare -x LSCOLORS="Gxfxcxdxbxegedabagacad"
declare -x LS_COLORS="di=1;36:ln=35:so=32:pi=33:ex=31:bd=34;46:cd=34;43:su=30;41:sg=30;46:tw=30;42:ow=30;43"
declare -x LaunchInstanceID="83C02B8F-D67A-473B-8817-4208803650EE"
declare -x MAIL="aakroud@student.1337.ma"
declare -x MallocNanoZone="0"
declare -x OLDPWD
declare -x ORIGINAL_XDG_CURRENT_DESKTOP="undefined"
declare -x PAGER="less"
declare -x PATH="/usr/local/bin:/usr/bin:/bin:/usr/sbin:/sbin:/usr/local/munki:/Library/Apple/usr/bin:/Library/Frameworks/Mono.framework/Versions/Current/Commands"
declare -x PWD="/mnt/homes/aakroud/Desktop/mini2"
declare -x SECURITYSESSIONID="186a8"
declare -x SHELL="/bin/zsh"
declare -x SHLVL="2"
declare -x SSH_AUTH_SOCK="/private/tmp/com.apple.launchd.pEDcY78nQg/Listeners"
declare -x TERM="xterm-256color"
declare -x TERM_PROGRAM="vscode"
declare -x TERM_PROGRAM_VERSION="1.89.1"
declare -x TMPDIR="/var/folders/zz/zyxvpxvq6csfxvn_n000cq940035t9/T/"
declare -x USER="aakroud"
declare -x USER_ZDOTDIR="/mnt/homes/aakroud"
declare -x VSCODE_GIT_ASKPASS_EXTRA_ARGS=""
declare -x VSCODE_GIT_ASKPASS_MAIN="/Applications/Visual Studio Code.app/Contents/Resources/app/extensions/git/dist/askpass-main.js"
declare -x VSCODE_GIT_ASKPASS_NODE="/Applications/Visual Studio Code.app/Contents/Frameworks/Code Helper (Plugin).app/Contents/MacOS/Code Helper (Plugin)"
declare -x VSCODE_GIT_IPC_HANDLE="/var/folders/zz/zyxvpxvq6csfxvn_n000cq940035t9/T/vscode-git-a689e73a15.sock"
declare -x VSCODE_INJECTION="1"
declare -x XPC_FLAGS="0x0"
declare -x XPC_SERVICE_NAME="0"
declare -x ZDOTDIR="/mnt/homes/aakroud"
declare -x ZSH="/mnt/homes/aakroud/.oh-my-zsh"
declare -x __CF_USER_TEXT_ENCODING="0x19749:0x0:0x0"
declare -x a="a b c"
declare -x b
declare -x c="a"
bash-3.2$ export $a="$a"
bash-3.2$ export
declare -x COLORTERM="truecolor"
declare -x COMMAND_MODE="unix2003"
declare -x GIT_ASKPASS="/Applications/Visual Studio Code.app/Contents/Resources/app/extensions/git/dist/askpass.sh"
declare -x HOME="/mnt/homes/aakroud"
declare -x LANG="en_US.UTF-8"
declare -x LESS="-R"
declare -x LOGNAME="aakroud"
declare -x LSCOLORS="Gxfxcxdxbxegedabagacad"
declare -x LS_COLORS="di=1;36:ln=35:so=32:pi=33:ex=31:bd=34;46:cd=34;43:su=30;41:sg=30;46:tw=30;42:ow=30;43"
declare -x LaunchInstanceID="83C02B8F-D67A-473B-8817-4208803650EE"
declare -x MAIL="aakroud@student.1337.ma"
declare -x MallocNanoZone="0"
declare -x OLDPWD
declare -x ORIGINAL_XDG_CURRENT_DESKTOP="undefined"
declare -x PAGER="less"
declare -x PATH="/usr/local/bin:/usr/bin:/bin:/usr/sbin:/sbin:/usr/local/munki:/Library/Apple/usr/bin:/Library/Frameworks/Mono.framework/Versions/Current/Commands"
declare -x PWD="/mnt/homes/aakroud/Desktop/mini2"
declare -x SECURITYSESSIONID="186a8"
declare -x SHELL="/bin/zsh"
declare -x SHLVL="2"
declare -x SSH_AUTH_SOCK="/private/tmp/com.apple.launchd.pEDcY78nQg/Listeners"
declare -x TERM="xterm-256color"
declare -x TERM_PROGRAM="vscode"
declare -x TERM_PROGRAM_VERSION="1.89.1"
declare -x TMPDIR="/var/folders/zz/zyxvpxvq6csfxvn_n000cq940035t9/T/"
declare -x USER="aakroud"
declare -x USER_ZDOTDIR="/mnt/homes/aakroud"
declare -x VSCODE_GIT_ASKPASS_EXTRA_ARGS=""
declare -x VSCODE_GIT_ASKPASS_MAIN="/Applications/Visual Studio Code.app/Contents/Resources/app/extensions/git/dist/askpass-main.js"
declare -x VSCODE_GIT_ASKPASS_NODE="/Applications/Visual Studio Code.app/Contents/Frameworks/Code Helper (Plugin).app/Contents/MacOS/Code Helper (Plugin)"
declare -x VSCODE_GIT_IPC_HANDLE="/var/folders/zz/zyxvpxvq6csfxvn_n000cq940035t9/T/vscode-git-a689e73a15.sock"
declare -x VSCODE_INJECTION="1"
declare -x XPC_FLAGS="0x0"
declare -x XPC_SERVICE_NAME="0"
declare -x ZDOTDIR="/mnt/homes/aakroud"
declare -x ZSH="/mnt/homes/aakroud/.oh-my-zsh"
declare -x __CF_USER_TEXT_ENCODING="0x19749:0x0:0x0"
declare -x a="a b c"
declare -x b
declare -x c="a b c"
bash-3.2$ export k+"ls -l"
bash: export: `k+ls -l': not a valid identifier
bash-3.2$ export k="ls -l"
bash-3.2$ $k
total 2832
-rw-r--r--  1 aakroud  2024_khouribga    2040 May 13 19:43  
-rw-r--r--  1 aakroud  2024_khouribga    2047 May 13 19:43 $klkl 
-rw-r--r--  1 aakroud  2024_khouribga    2038 May 13 19:42 $ljljk
-rw-r--r--  1 aakroud  2024_khouribga       0 May 13 18:14 0
-rw-r--r--  1 aakroud  2024_khouribga       0 May 13 18:14 1
-rw-r--r--  1 aakroud  2024_khouribga    2022 May 13 18:14 2
-rw-r--r--  1 aakroud  2024_khouribga       0 May 13 19:39 a
-rw-r--r--  1 aakroud  2024_khouribga    2044 May  9 12:20 dynamic_allocations_buffers.c
-rw-r--r--  1 aakroud  2024_khouribga    7740 May 13 18:04 dynamic_allocations_buffers.o
-rw-r--r--  1 aakroud  2024_khouribga       0 May  9 14:35 echo
-rw-r--r--@ 1 aakroud  2024_khouribga    2189 May 10 12:29 even_more_libft_funcs.c
-rw-r--r--  1 aakroud  2024_khouribga    7176 May 13 18:04 even_more_libft_funcs.o
-rw-r--r--  1 aakroud  2024_khouribga    5634 May  9 18:18 exec_utils.c
-rw-r--r--  1 aakroud  2024_khouribga   27976 May 13 18:04 exec_utils.o
-rw-r--r--  1 aakroud  2024_khouribga    2482 May  9 12:20 extra_tools.c
-rw-r--r--  1 aakroud  2024_khouribga   17320 May 13 18:04 extra_tools.o
-rw-r--r--  1 aakroud  2024_khouribga    2683 May 13 19:33 free_everything.c
-rw-r--r--  1 aakroud  2024_khouribga   10884 May 13 19:33 free_everything.o
-rw-r--r--  1 aakroud  2024_khouribga   14003 May 12 17:40 ft_builtin.c
-rw-r--r--  1 aakroud  2024_khouribga   43084 May 13 18:04 ft_builtin.o
-rw-r--r--@ 1 aakroud  2024_khouribga    1873 Apr 25 15:48 ft_strtrim.c
-rw-r--r--  1 aakroud  2024_khouribga    5268 May 13 18:04 ft_strtrim.o
-rw-r--r--  1 aakroud  2024_khouribga    2027 May 13 16:48 h j k
-rw-r--r--@ 1 aakroud  2024_khouribga    2245 Apr 25 16:12 helpers.c
-rw-r--r--  1 aakroud  2024_khouribga   11372 May 13 18:04 helpers.o
-rw-r--r--  1 aakroud  2024_khouribga       0 May 13 19:39 j
-rw-r--r--  1 aakroud  2024_khouribga       0 May 13 19:39 jj
-rw-r--r--  1 aakroud  2024_khouribga    1679 Apr 29 16:09 lexer.c
-rw-r--r--  1 aakroud  2024_khouribga    9164 May 13 18:04 lexer.o
-rw-r--r--@ 1 aakroud  2024_khouribga    2425 Apr 20 10:03 lexer_helper.c
-rw-r--r--  1 aakroud  2024_khouribga   12268 May 13 18:04 lexer_helper.o
-rw-r--r--@ 1 aakroud  2024_khouribga    1205 Apr 24 11:07 lexer_helper_three.c
-rw-r--r--  1 aakroud  2024_khouribga    4348 May 13 18:04 lexer_helper_three.o
-rw-r--r--@ 1 aakroud  2024_khouribga    2588 Apr 24 16:12 lexer_helper_two.c
-rw-r--r--  1 aakroud  2024_khouribga   15160 May 13 18:04 lexer_helper_two.o
-rw-r--r--  1 aakroud  2024_khouribga    2122 May  9 12:05 libft_funcs.c
-rw-r--r--  1 aakroud  2024_khouribga    7584 May 13 18:04 libft_funcs.o
-rw-r--r--  1 aakroud  2024_khouribga    2106 May  9 12:20 list_init.c
-rw-r--r--  1 aakroud  2024_khouribga    9308 May 13 18:04 list_init.o
-rw-r--r--@ 1 aakroud  2024_khouribga    2803 Apr 25 16:21 list_init_handlers.c
-rw-r--r--  1 aakroud  2024_khouribga   13308 May 13 18:04 list_init_handlers.o
-rw-r--r--  1 aakroud  2024_khouribga    2038 May 13 15:14 ls -la
-rw-r--r--  1 aakroud  2024_khouribga    2021 May 13 16:47 lsok lssls
-rw-r--r--  1 aakroud  2024_khouribga    1996 May  9 12:20 main_helper.c
-rw-r--r--  1 aakroud  2024_khouribga    9616 May 13 18:04 main_helper.o
-rw-r--r--  1 aakroud  2024_khouribga    1260 May 12 15:45 makefile
-rwxr-xr-x  1 aakroud  2024_khouribga  388872 May 13 19:33 minishell
-rw-r--r--  1 aakroud  2024_khouribga   11655 May 13 15:08 minishell.h
-rw-r--r--@ 1 aakroud  2024_khouribga    1964 Apr 20 10:11 more_libft_funcs.c
-rw-r--r--  1 aakroud  2024_khouribga    7036 May 13 18:04 more_libft_funcs.o
-rw-r--r--  1 aakroud  2024_khouribga    1578 May 12 17:09 mt9oba.txt
-rw-r--r--  1 aakroud  2024_khouribga    2782 May  4 14:22 operation_extraction.c
-rw-r--r--  1 aakroud  2024_khouribga   10004 May 13 18:04 operation_extraction.o
-rw-r--r--  1 aakroud  2024_khouribga       0 May 13 19:39 p
-rw-r--r--  1 aakroud  2024_khouribga    2545 May  4 14:13 parentheses_extraction.c
-rw-r--r--  1 aakroud  2024_khouribga   13356 May 13 18:04 parentheses_extraction.o
-rw-r--r--  1 aakroud  2024_khouribga   16283 May 13 18:04 parsing.c
-rw-r--r--  1 aakroud  2024_khouribga   80324 May 13 18:04 parsing.o
-rw-r--r--  1 aakroud  2024_khouribga    3250 May  4 14:22 process_all_redirections.c
-rw-r--r--  1 aakroud  2024_khouribga   12856 May 13 18:04 process_all_redirections.o
-rw-r--r--  1 aakroud  2024_khouribga    2167 May  4 14:22 process_all_redirections_helper.c
-rw-r--r--  1 aakroud  2024_khouribga    9648 May 13 18:04 process_all_redirections_helper.o
-rw-r--r--  1 aakroud  2024_khouribga    2470 May  4 14:22 process_all_redirections_helper_two.c
-rw-r--r--  1 aakroud  2024_khouribga   10328 May 13 18:04 process_all_redirections_helper_two.o
-rw-r--r--  1 aakroud  2024_khouribga    2914 May  4 14:22 process_nested_parentheses.c
-rw-r--r--  1 aakroud  2024_khouribga   14132 May 13 18:04 process_nested_parentheses.o
-rw-r--r--  1 aakroud  2024_khouribga    2291 May  4 14:22 process_nested_parentheses_helper.c
-rw-r--r--  1 aakroud  2024_khouribga   10924 May 13 18:04 process_nested_parentheses_helper.o
-rw-r--r--  1 aakroud  2024_khouribga    3366 Apr 29 16:09 process_pipe_tree.c
-rw-r--r--  1 aakroud  2024_khouribga   16568 May 13 18:04 process_pipe_tree.o
-rw-r--r--  1 aakroud  2024_khouribga    3105 May  4 14:13 process_pipe_tree_helper.c
-rw-r--r--  1 aakroud  2024_khouribga   12924 May 13 18:04 process_pipe_tree_helper.o
-rw-r--r--  1 aakroud  2024_khouribga    2396 Apr 29 16:09 process_pipe_tree_helper_two.c
-rw-r--r--  1 aakroud  2024_khouribga    9996 May 13 18:04 process_pipe_tree_helper_two.o
-rw-r--r--  1 aakroud  2024_khouribga    3081 May  9 12:20 quotes_handle.c
-rw-r--r--  1 aakroud  2024_khouribga   14240 May 13 18:04 quotes_handle.o
-rw-r--r--  1 aakroud  2024_khouribga    2976 May  9 12:20 redirections_opener.c
-rw-r--r--  1 aakroud  2024_khouribga   13420 May 13 18:04 redirections_opener.o
-rw-r--r--  1 aakroud  2024_khouribga    1223 May  9 12:20 redirections_opener_helper.c
-rw-r--r--  1 aakroud  2024_khouribga    4140 May 13 18:04 redirections_opener_helper.o
-rw-r--r--  1 aakroud  2024_khouribga      19 May 13 15:12 s ls
-rw-r--r--  1 aakroud  2024_khouribga    2034 May 13 17:06 sgsgsg
-rw-r--r--  1 aakroud  2024_khouribga    1433 May  9 12:20 signals.c
-rw-r--r--  1 aakroud  2024_khouribga    2379 May  4 14:22 some_new_other_helpers.c
-rw-r--r--  1 aakroud  2024_khouribga   12724 May 13 18:04 some_new_other_helpers.o
-rw-r--r--  1 aakroud  2024_khouribga    2781 May 13 16:45 some_other_helpers.c
-rw-r--r--  1 aakroud  2024_khouribga   16636 May 13 18:04 some_other_helpers.o
-rw-r--r--  1 aakroud  2024_khouribga    1946 May 12 14:30 str_extraction.c
-rw-r--r--  1 aakroud  2024_khouribga   10040 May 13 18:04 str_extraction.o
-rw-r--r--  1 aakroud  2024_khouribga    4013 May  4 14:22 syntax_error.c
-rw-r--r--  1 aakroud  2024_khouribga   16732 May 13 18:04 syntax_error.o
-rw-r--r--  1 aakroud  2024_khouribga    2710 May  4 14:22 syntax_error_helper.c
-rw-r--r--  1 aakroud  2024_khouribga   14736 May 13 18:04 syntax_error_helper.o
-rwxr-xr-x  1 aakroud  2024_khouribga      33 May 13 19:41 text.txt
-rw-r--r--  1 aakroud  2024_khouribga    2952 Apr 29 16:09 tree_maker.c
-rw-r--r--  1 aakroud  2024_khouribga   13976 May 13 18:04 tree_maker.o
-rw-r--r--  1 aakroud  2024_khouribga    2231 May 13 15:08 tree_maker_helper.c
-rw-r--r--  1 aakroud  2024_khouribga    9192 May 13 18:04 tree_maker_helper.o
-rw-r--r--  1 aakroud  2024_khouribga    1559 Apr 29 16:09 tree_maker_helper_three.c
-rw-r--r--  1 aakroud  2024_khouribga    7792 May 13 18:04 tree_maker_helper_three.o
-rw-r--r--  1 aakroud  2024_khouribga    2586 May 13 15:08 tree_maker_helper_two.c
-rw-r--r--  1 aakroud  2024_khouribga   10340 May 13 18:04 tree_maker_helper_two.o
-rw-r--r--  1 aakroud  2024_khouribga    3939 May 13 17:26 variable_handle_helper.c
-rw-r--r--  1 aakroud  2024_khouribga   16760 May 13 18:04 variable_handle_helper.o
-rw-r--r--  1 aakroud  2024_khouribga     915 May  4 14:22 variable_handle_helper_two.c
-rw-r--r--  1 aakroud  2024_khouribga    1296 May 13 18:04 variable_handle_helper_two.o
-rw-r--r--  1 aakroud  2024_khouribga    4380 May  9 17:34 variables_handle.c
-rw-r--r--  1 aakroud  2024_khouribga   15508 May 13 18:04 variables_handle.o
-rw-r--r--  1 aakroud  2024_khouribga   10201 May  9 12:20 wild_cards.c
-rw-r--r--  1 aakroud  2024_khouribga   36052 May 13 18:04 wild_cards.o
-rw-r--r--  1 aakroud  2024_khouribga    3041 May  9 12:20 word_extraction.c
-rw-r--r--  1 aakroud  2024_khouribga   11356 May 13 18:04 word_extraction.o
-rw-r--r--  1 aakroud  2024_khouribga    2596 May  9 12:20 word_extraction_helper.c
-rw-r--r--  1 aakroud  2024_khouribga   16468 May 13 18:04 word_extraction_helper.o
bash-3.2$ "$k"
bash: ls -l: command not found
bash-3.2$ ""$k""
total 2832
-rw-r--r--  1 aakroud  2024_khouribga    2040 May 13 19:43  
-rw-r--r--  1 aakroud  2024_khouribga    2047 May 13 19:43 $klkl 
-rw-r--r--  1 aakroud  2024_khouribga    2038 May 13 19:42 $ljljk
-rw-r--r--  1 aakroud  2024_khouribga       0 May 13 18:14 0
-rw-r--r--  1 aakroud  2024_khouribga       0 May 13 18:14 1
-rw-r--r--  1 aakroud  2024_khouribga    2022 May 13 18:14 2
-rw-r--r--  1 aakroud  2024_khouribga       0 May 13 19:39 a
-rw-r--r--  1 aakroud  2024_khouribga    2044 May  9 12:20 dynamic_allocations_buffers.c
-rw-r--r--  1 aakroud  2024_khouribga    7740 May 13 18:04 dynamic_allocations_buffers.o
-rw-r--r--  1 aakroud  2024_khouribga       0 May  9 14:35 echo
-rw-r--r--@ 1 aakroud  2024_khouribga    2189 May 10 12:29 even_more_libft_funcs.c
-rw-r--r--  1 aakroud  2024_khouribga    7176 May 13 18:04 even_more_libft_funcs.o
-rw-r--r--  1 aakroud  2024_khouribga    5634 May  9 18:18 exec_utils.c
-rw-r--r--  1 aakroud  2024_khouribga   27976 May 13 18:04 exec_utils.o
-rw-r--r--  1 aakroud  2024_khouribga    2482 May  9 12:20 extra_tools.c
-rw-r--r--  1 aakroud  2024_khouribga   17320 May 13 18:04 extra_tools.o
-rw-r--r--  1 aakroud  2024_khouribga    2683 May 13 19:33 free_everything.c
-rw-r--r--  1 aakroud  2024_khouribga   10884 May 13 19:33 free_everything.o
-rw-r--r--  1 aakroud  2024_khouribga   14003 May 12 17:40 ft_builtin.c
-rw-r--r--  1 aakroud  2024_khouribga   43084 May 13 18:04 ft_builtin.o
-rw-r--r--@ 1 aakroud  2024_khouribga    1873 Apr 25 15:48 ft_strtrim.c
-rw-r--r--  1 aakroud  2024_khouribga    5268 May 13 18:04 ft_strtrim.o
-rw-r--r--  1 aakroud  2024_khouribga    2027 May 13 16:48 h j k
-rw-r--r--@ 1 aakroud  2024_khouribga    2245 Apr 25 16:12 helpers.c
-rw-r--r--  1 aakroud  2024_khouribga   11372 May 13 18:04 helpers.o
-rw-r--r--  1 aakroud  2024_khouribga       0 May 13 19:39 j
-rw-r--r--  1 aakroud  2024_khouribga       0 May 13 19:39 jj
-rw-r--r--  1 aakroud  2024_khouribga    1679 Apr 29 16:09 lexer.c
-rw-r--r--  1 aakroud  2024_khouribga    9164 May 13 18:04 lexer.o
-rw-r--r--@ 1 aakroud  2024_khouribga    2425 Apr 20 10:03 lexer_helper.c
-rw-r--r--  1 aakroud  2024_khouribga   12268 May 13 18:04 lexer_helper.o
-rw-r--r--@ 1 aakroud  2024_khouribga    1205 Apr 24 11:07 lexer_helper_three.c
-rw-r--r--  1 aakroud  2024_khouribga    4348 May 13 18:04 lexer_helper_three.o
-rw-r--r--@ 1 aakroud  2024_khouribga    2588 Apr 24 16:12 lexer_helper_two.c
-rw-r--r--  1 aakroud  2024_khouribga   15160 May 13 18:04 lexer_helper_two.o
-rw-r--r--  1 aakroud  2024_khouribga    2122 May  9 12:05 libft_funcs.c
-rw-r--r--  1 aakroud  2024_khouribga    7584 May 13 18:04 libft_funcs.o
-rw-r--r--  1 aakroud  2024_khouribga    2106 May  9 12:20 list_init.c
-rw-r--r--  1 aakroud  2024_khouribga    9308 May 13 18:04 list_init.o
-rw-r--r--@ 1 aakroud  2024_khouribga    2803 Apr 25 16:21 list_init_handlers.c
-rw-r--r--  1 aakroud  2024_khouribga   13308 May 13 18:04 list_init_handlers.o
-rw-r--r--  1 aakroud  2024_khouribga    2038 May 13 15:14 ls -la
-rw-r--r--  1 aakroud  2024_khouribga    2021 May 13 16:47 lsok lssls
-rw-r--r--  1 aakroud  2024_khouribga    1996 May  9 12:20 main_helper.c
-rw-r--r--  1 aakroud  2024_khouribga    9616 May 13 18:04 main_helper.o
-rw-r--r--  1 aakroud  2024_khouribga    1260 May 12 15:45 makefile
-rwxr-xr-x  1 aakroud  2024_khouribga  388872 May 13 19:33 minishell
-rw-r--r--  1 aakroud  2024_khouribga   11655 May 13 15:08 minishell.h
-rw-r--r--@ 1 aakroud  2024_khouribga    1964 Apr 20 10:11 more_libft_funcs.c
-rw-r--r--  1 aakroud  2024_khouribga    7036 May 13 18:04 more_libft_funcs.o
-rw-r--r--  1 aakroud  2024_khouribga    1578 May 12 17:09 mt9oba.txt
-rw-r--r--  1 aakroud  2024_khouribga    2782 May  4 14:22 operation_extraction.c
-rw-r--r--  1 aakroud  2024_khouribga   10004 May 13 18:04 operation_extraction.o
-rw-r--r--  1 aakroud  2024_khouribga       0 May 13 19:39 p
-rw-r--r--  1 aakroud  2024_khouribga    2545 May  4 14:13 parentheses_extraction.c
-rw-r--r--  1 aakroud  2024_khouribga   13356 May 13 18:04 parentheses_extraction.o
-rw-r--r--  1 aakroud  2024_khouribga   16283 May 13 18:04 parsing.c
-rw-r--r--  1 aakroud  2024_khouribga   80324 May 13 18:04 parsing.o
-rw-r--r--  1 aakroud  2024_khouribga    3250 May  4 14:22 process_all_redirections.c
-rw-r--r--  1 aakroud  2024_khouribga   12856 May 13 18:04 process_all_redirections.o
-rw-r--r--  1 aakroud  2024_khouribga    2167 May  4 14:22 process_all_redirections_helper.c
-rw-r--r--  1 aakroud  2024_khouribga    9648 May 13 18:04 process_all_redirections_helper.o
-rw-r--r--  1 aakroud  2024_khouribga    2470 May  4 14:22 process_all_redirections_helper_two.c
-rw-r--r--  1 aakroud  2024_khouribga   10328 May 13 18:04 process_all_redirections_helper_two.o
-rw-r--r--  1 aakroud  2024_khouribga    2914 May  4 14:22 process_nested_parentheses.c
-rw-r--r--  1 aakroud  2024_khouribga   14132 May 13 18:04 process_nested_parentheses.o
-rw-r--r--  1 aakroud  2024_khouribga    2291 May  4 14:22 process_nested_parentheses_helper.c
-rw-r--r--  1 aakroud  2024_khouribga   10924 May 13 18:04 process_nested_parentheses_helper.o
-rw-r--r--  1 aakroud  2024_khouribga    3366 Apr 29 16:09 process_pipe_tree.c
-rw-r--r--  1 aakroud  2024_khouribga   16568 May 13 18:04 process_pipe_tree.o
-rw-r--r--  1 aakroud  2024_khouribga    3105 May  4 14:13 process_pipe_tree_helper.c
-rw-r--r--  1 aakroud  2024_khouribga   12924 May 13 18:04 process_pipe_tree_helper.o
-rw-r--r--  1 aakroud  2024_khouribga    2396 Apr 29 16:09 process_pipe_tree_helper_two.c
-rw-r--r--  1 aakroud  2024_khouribga    9996 May 13 18:04 process_pipe_tree_helper_two.o
-rw-r--r--  1 aakroud  2024_khouribga    3081 May  9 12:20 quotes_handle.c
-rw-r--r--  1 aakroud  2024_khouribga   14240 May 13 18:04 quotes_handle.o
-rw-r--r--  1 aakroud  2024_khouribga    2976 May  9 12:20 redirections_opener.c
-rw-r--r--  1 aakroud  2024_khouribga   13420 May 13 18:04 redirections_opener.o
-rw-r--r--  1 aakroud  2024_khouribga    1223 May  9 12:20 redirections_opener_helper.c
-rw-r--r--  1 aakroud  2024_khouribga    4140 May 13 18:04 redirections_opener_helper.o
-rw-r--r--  1 aakroud  2024_khouribga      19 May 13 15:12 s ls
-rw-r--r--  1 aakroud  2024_khouribga    2034 May 13 17:06 sgsgsg
-rw-r--r--  1 aakroud  2024_khouribga    1433 May  9 12:20 signals.c
-rw-r--r--  1 aakroud  2024_khouribga    2379 May  4 14:22 some_new_other_helpers.c
-rw-r--r--  1 aakroud  2024_khouribga   12724 May 13 18:04 some_new_other_helpers.o
-rw-r--r--  1 aakroud  2024_khouribga    2781 May 13 16:45 some_other_helpers.c
-rw-r--r--  1 aakroud  2024_khouribga   16636 May 13 18:04 some_other_helpers.o
-rw-r--r--  1 aakroud  2024_khouribga    1946 May 12 14:30 str_extraction.c
-rw-r--r--  1 aakroud  2024_khouribga   10040 May 13 18:04 str_extraction.o
-rw-r--r--  1 aakroud  2024_khouribga    4013 May  4 14:22 syntax_error.c
-rw-r--r--  1 aakroud  2024_khouribga   16732 May 13 18:04 syntax_error.o
-rw-r--r--  1 aakroud  2024_khouribga    2710 May  4 14:22 syntax_error_helper.c
-rw-r--r--  1 aakroud  2024_khouribga   14736 May 13 18:04 syntax_error_helper.o
-rwxr-xr-x  1 aakroud  2024_khouribga      33 May 13 19:41 text.txt
-rw-r--r--  1 aakroud  2024_khouribga    2952 Apr 29 16:09 tree_maker.c
-rw-r--r--  1 aakroud  2024_khouribga   13976 May 13 18:04 tree_maker.o
-rw-r--r--  1 aakroud  2024_khouribga    2231 May 13 15:08 tree_maker_helper.c
-rw-r--r--  1 aakroud  2024_khouribga    9192 May 13 18:04 tree_maker_helper.o
-rw-r--r--  1 aakroud  2024_khouribga    1559 Apr 29 16:09 tree_maker_helper_three.c
-rw-r--r--  1 aakroud  2024_khouribga    7792 May 13 18:04 tree_maker_helper_three.o
-rw-r--r--  1 aakroud  2024_khouribga    2586 May 13 15:08 tree_maker_helper_two.c
-rw-r--r--  1 aakroud  2024_khouribga   10340 May 13 18:04 tree_maker_helper_two.o
-rw-r--r--  1 aakroud  2024_khouribga    3939 May 13 17:26 variable_handle_helper.c
-rw-r--r--  1 aakroud  2024_khouribga   16760 May 13 18:04 variable_handle_helper.o
-rw-r--r--  1 aakroud  2024_khouribga     915 May  4 14:22 variable_handle_helper_two.c
-rw-r--r--  1 aakroud  2024_khouribga    1296 May 13 18:04 variable_handle_helper_two.o
-rw-r--r--  1 aakroud  2024_khouribga    4380 May  9 17:34 variables_handle.c
-rw-r--r--  1 aakroud  2024_khouribga   15508 May 13 18:04 variables_handle.o
-rw-r--r--  1 aakroud  2024_khouribga   10201 May  9 12:20 wild_cards.c
-rw-r--r--  1 aakroud  2024_khouribga   36052 May 13 18:04 wild_cards.o
-rw-r--r--  1 aakroud  2024_khouribga    3041 May  9 12:20 word_extraction.c
-rw-r--r--  1 aakroud  2024_khouribga   11356 May 13 18:04 word_extraction.o
-rw-r--r--  1 aakroud  2024_khouribga    2596 May  9 12:20 word_extraction_helper.c
-rw-r--r--  1 aakroud  2024_khouribga   16468 May 13 18:04 word_extraction_helper.o
bash-3.2$ """$k"""
bash: ls -l: command not found
bash-3.2$ export k="ls"
bash-3.2$ $K
bash-3.2$ $k
                                        parsing.o
$klkl                                   process_all_redirections.c
$ljljk                                  process_all_redirections.o
0                                       process_all_redirections_helper.c
1                                       process_all_redirections_helper.o
2                                       process_all_redirections_helper_two.c
a                                       process_all_redirections_helper_two.o
dynamic_allocations_buffers.c           process_nested_parentheses.c
dynamic_allocations_buffers.o           process_nested_parentheses.o
echo                                    process_nested_parentheses_helper.c
even_more_libft_funcs.c                 process_nested_parentheses_helper.o
even_more_libft_funcs.o                 process_pipe_tree.c
exec_utils.c                            process_pipe_tree.o
exec_utils.o                            process_pipe_tree_helper.c
extra_tools.c                           process_pipe_tree_helper.o
extra_tools.o                           process_pipe_tree_helper_two.c
free_everything.c                       process_pipe_tree_helper_two.o
free_everything.o                       quotes_handle.c
ft_builtin.c                            quotes_handle.o
ft_builtin.o                            redirections_opener.c
ft_strtrim.c                            redirections_opener.o
ft_strtrim.o                            redirections_opener_helper.c
h j k                                   redirections_opener_helper.o
helpers.c                               s ls
helpers.o                               sgsgsg
j                                       signals.c
jj                                      some_new_other_helpers.c
lexer.c                                 some_new_other_helpers.o
lexer.o                                 some_other_helpers.c
lexer_helper.c                          some_other_helpers.o
lexer_helper.o                          str_extraction.c
lexer_helper_three.c                    str_extraction.o
lexer_helper_three.o                    syntax_error.c
lexer_helper_two.c                      syntax_error.o
lexer_helper_two.o                      syntax_error_helper.c
libft_funcs.c                           syntax_error_helper.o
libft_funcs.o                           text.txt
list_init.c                             tree_maker.c
list_init.o                             tree_maker.o
list_init_handlers.c                    tree_maker_helper.c
list_init_handlers.o                    tree_maker_helper.o
ls -la                                  tree_maker_helper_three.c
lsok lssls                              tree_maker_helper_three.o
main_helper.c                           tree_maker_helper_two.c
main_helper.o                           tree_maker_helper_two.o
makefile                                variable_handle_helper.c
minishell                               variable_handle_helper.o
minishell.h                             variable_handle_helper_two.c
more_libft_funcs.c                      variable_handle_helper_two.o
more_libft_funcs.o                      variables_handle.c
mt9oba.txt                              variables_handle.o
operation_extraction.c                  wild_cards.c
operation_extraction.o                  wild_cards.o
p                                       word_extraction.c
parentheses_extraction.c                word_extraction.o
parentheses_extraction.o                word_extraction_helper.c
parsing.c                               word_extraction_helper.o
bash-3.2$ export k="l's"
bash-3.2$ $k
bash: l's: command not found
bash-3.2$ export k='l"s'
bash-3.2$ $k
bash: l"s: command not found
bash-3.2$ export k='l"s -l'
bash-3.2$ $k
bash: l"s: command not found

(((ls | cat > ) > 0) > )
bash: syntax error near unexpected token `)'

((ls | cat > ) > 0))
bash: ((: (ls | cat > ) > 0: syntax error: operand expected (error token is ") > 0")

((ls | cat > ) > 0)
bash: syntax error near unexpected token `)'

minishell$> > oyt


test export with HOLA="bonjour        " the spaces must stay
in this test "$> export HOLA=""s -la"" 
$> l""$HOLA""" it must not be splitted

minishell$> "ls -la katsegfaulti
<<p | <<m leaks in file descriptor

minishell$> $? $? | $? > ls < hello 
AddressSanitizer:DEADLYSIGNAL
=================================================================
==59770==ERROR: AddressSanitizer: SEGV on unknown address 0x000000000000 (pc 0x000100c1a06e bp 0x7ffeef034b50 sp 0x7ffeef034a50 T0)
==59770==The signal is caused by a READ memory access.
==59770==Hint: address points to the zero page.
AddressSanitizer:DEADLYSIGNAL
=================================================================
==59771==ERROR: AddressSanitizer: SEGV on unknown address 0x000000000000 (pc 0x000100c1a06e bp 0x7ffeef034b50 sp 0x7ffeef034a50 T0)
==59771==The signal is caused by a READ memory access.
==59771==Hint: address points to the zero page.
    #0 0x100c1a06e in ft_exec ft_exec_utils2.c:71
    #0 0x100c1a06e in ft_exec ft_exec_utils2.c:71
    #1 0x100c1ef2a in ft_word_handle ft_exec_utils6.c:70
    #1 0x100c1ef2a in ft_word_handle ft_exec_utils6.c:70
    #2 0x100c1e1ee in ft_variable ft_exec_utils5.c:103
    #2 0x100c1e1ee in ft_variable ft_exec_utils5.c:103
    #3 0x100c1f5fc in ft_var_helper ft_exec_utils7.c:47
    #3 0x100c1f5fc in ft_var_helper ft_exec_utils7.c:47
    #4 0x100c202c0 in ft_execute ft_exec_utils7.c:92
    #4 0x100c202c0 in ft_execute ft_exec_utils7.c:92
    #5 0x100c237b0 in ft_second_child ft_exec_utils9.c:87
    #5 0x100c234dd in ft_first_child ft_exec_utils9.c:76
    #6 0x100c1a813 in ft_pip ft_exec_utils3.c:31
    #6 0x100c1a87e in ft_pip ft_exec_utils3.c:36
    #7 0x100c20948 in ft_execute ft_exec_utils7.c:116
    #7 0x100c20948 in ft_execute ft_exec_utils7.c:116
    #8 0x100bcf14e in main parsing.c:1149
    #8 0x100bcf14e in main parsing.c:1149
    #9 0x7fff6ee16cc8 in start+0x0 (libdyld.dylib:x86_64+0x1acc8)

    #9 0x7fff6ee16cc8 in start+0x0 (libdyld.dylib:x86_64+0x1acc8)
==59770==Register values:

rax = 0x0000000000000000  ==59771==Register values:
rbx = 0x00007ffeef034ce0  rax = 0x0000000000000000  rcx = 0x0000000000000000  rbx = 0x00007ffeef034ce0  rdx = 0x0000100000000000  rcx = 0x0000000000000000  
rdx = 0x0000100000000000  rdi = 0x00006110000002c0  
rsi = 0x0000100000000000  rbp = 0x00007ffeef034b50  rdi = 0x00006110000002c0  rsp = 0x00007ffeef034a50  rsi = 0x0000100000000000  
rbp = 0x00007ffeef034b50   rsp = 0x00007ffeef034a50  r8 = 0x0000000000000405  
 r9 = 0x0000000000000000   r10 = 0x0000000000000402  r8 = 0x0000000000000405   r11 = 0x0000000000000202  r9 = 0x0000000000000000  
r10 = 0x0000000000000402  r12 = 0x0000000000000000  r11 = 0x0000000000000202  r13 = 0x0000000000000000  
r14 = 0xf2f2f2f2f2f8f8f8  r12 = 0x0000000000000000  r15 = 0x0000000000000000  r13 = 0x0000000000000000  
r14 = 0xf2f2f2f2f2f8f8f8  AddressSanitizer can not provide additional info.
r15 = 0x0000000000000000  
AddressSanitizer can not provide additional info.
SUMMARY: AddressSanitizer: SEGV ft_exec_utils2.c:71 in ft_exec
SUMMARY: AddressSanitizer: SEGV ft_exec_utils2.c:71 in ft_exec
==59771==ABORTING
==59770==ABORTING

minishell$> $$
=================================================================
==60095==ERROR: AddressSanitizer: heap-buffer-overflow on address 0x602000007af2 at pc 0x00010a96147d bp 0x7ffee52dbad0 sp 0x7ffee52dbac8
READ of size 1 at 0x602000007af2 thread T0
    #0 0x10a96147c in reset_var_expand reset_vars_helper.c:46
    #1 0x10a96322d in expanding reset_vars_helper.c:77
    #2 0x10a962e88 in reset_var_expand_var reset_vars_helper.c:104
    #3 0x10a95bd0a in reset_vars reset_vars.c:113
    #4 0x10a978604 in ft_var_helper ft_exec_utils7.c:46
    #5 0x10a9792e0 in ft_execute ft_exec_utils7.c:92
    #6 0x10a92816e in main parsing.c:1149
    #7 0x7fff6ee16cc8 in start+0x0 (libdyld.dylib:x86_64+0x1acc8)

0x602000007af2 is located 0 bytes to the right of 2-byte region [0x602000007af0,0x602000007af2)
allocated by thread T0 here:
    #0 0x10aa3c17d in wrap_malloc+0x9d (libclang_rt.asan_osx_dynamic.dylib:x86_64h+0x4917d)
    #1 0x10a929de6 in cases even_more_libft_funcs.c:27
    #2 0x10a9299bf in ft_strjoin even_more_libft_funcs.c:36
    #3 0x10a94fed6 in if_var_end_is_dollar variable_handle_helper_two.c:43
    #4 0x10a9350d1 in process_array_variable variables_handle.c:72
    #5 0x10a9629ed in expand_dollar reset_vars_helper.c:29
    #6 0x10a961eaa in reset_var_expand reset_vars_helper.c:58
    #7 0x10a96322d in expanding reset_vars_helper.c:77
    #8 0x10a962e88 in reset_var_expand_var reset_vars_helper.c:104
    #9 0x10a95bd0a in reset_vars reset_vars.c:113
    #10 0x10a978604 in ft_var_helper ft_exec_utils7.c:46
    #11 0x10a9792e0 in ft_execute ft_exec_utils7.c:92
    #12 0x10a92816e in main parsing.c:1149
    #13 0x7fff6ee16cc8 in start+0x0 (libdyld.dylib:x86_64+0x1acc8)

SUMMARY: AddressSanitizer: heap-buffer-overflow reset_vars_helper.c:46 in reset_var_expand
Shadow bytes around the buggy address:
  0x1c0400000f00: fa fa fd fa fa fa fd fa fa fa fd fa fa fa fd fa
  0x1c0400000f10: fa fa fd fa fa fa fd fa fa fa fd fa fa fa fd fa
  0x1c0400000f20: fa fa fd fa fa fa fd fa fa fa fd fa fa fa fd fa
  0x1c0400000f30: fa fa 00 00 fa fa 03 fa fa fa fd fa fa fa 00 00
  0x1c0400000f40: fa fa fd fa fa fa fd fa fa fa fd fa fa fa fd fa
=>0x1c0400000f50: fa fa fd fa fa fa fd fa fa fa fd fa fa fa[02]fa
  0x1c0400000f60: fa fa fa fa fa fa fa fa fa fa fa fa fa fa fa fa
  0x1c0400000f70: fa fa fa fa fa fa fa fa fa fa fa fa fa fa fa fa
  0x1c0400000f80: fa fa fa fa fa fa fa fa fa fa fa fa fa fa fa fa
  0x1c0400000f90: fa fa fa fa fa fa fa fa fa fa fa fa fa fa fa fa
  0x1c0400000fa0: fa fa fa fa fa fa fa fa fa fa fa fa fa fa fa fa
Shadow byte legend (one shadow byte represents 8 application bytes):
  Addressable:           00
  Partially addressable: 01 02 03 04 05 06 07 
  Heap left redzone:       fa
  Freed heap region:       fd
  Stack left redzone:      f1
  Stack mid redzone:       f2
  Stack right redzone:     f3
  Stack after return:      f5
  Stack use after scope:   f8
  Global redzone:          f9
  Global init order:       f6
  Poisoned by user:        f7
  Container overflow:      fc
  Array cookie:            ac
  Intra object redzone:    bb
  ASan internal:           fe
  Left alloca redzone:     ca
  Right alloca redzone:    cb
  Shadow gap:              cc
==60095==ABORTING
[1]    60095 abort      ./minishell

minishell$> '"'        "'
Syntax error: open quotes.
=================================================================
==60258==ERROR: AddressSanitizer: heap-buffer-overflow on address 0x602000004693 at pc 0x00010ece84c3 bp 0x7ffee0f2eac0 sp 0x7ffee0f2eab8
READ of size 1 at 0x602000004693 thread T0
    #0 0x10ece84c2 in str_extractor_helper quotes_handle.c:23
    #1 0x10ecd9e9f in str_extractor str_extraction.c:111
    #2 0x10ecee69e in handle_quotes list_init_handlers.c:25
    #3 0x10ecdd15f in cut_and_slice list_init.c:29
    #4 0x10ecddc1e in list_init list_init.c:75
    #5 0x10eceb199 in lexer_to_tree main_helper.c:38
    #6 0x10ecd4b65 in main parsing.c:1121
    #7 0x7fff6ee16cc8 in start+0x0 (libdyld.dylib:x86_64+0x1acc8)

0x602000004693 is located 0 bytes to the right of 3-byte region [0x602000004690,0x602000004693)
allocated by thread T0 here:
    #0 0x10ede517d in wrap_malloc+0x9d (libclang_rt.asan_osx_dynamic.dylib:x86_64h+0x4917d)
    #1 0x10ecd3ac7 in ft_strtrim ft_strtrim.c:72
    #2 0x10ecee5d0 in handle_quotes list_init_handlers.c:20
    #3 0x10ecdd15f in cut_and_slice list_init.c:29
    #4 0x10ecddc1e in list_init list_init.c:75
    #5 0x10eceb199 in lexer_to_tree main_helper.c:38
    #6 0x10ecd4b65 in main parsing.c:1121
    #7 0x7fff6ee16cc8 in start+0x0 (libdyld.dylib:x86_64+0x1acc8)

SUMMARY: AddressSanitizer: heap-buffer-overflow quotes_handle.c:23 in str_extractor_helper
Shadow bytes around the buggy address:
  0x1c0400000880: fa fa fd fa fa fa fd fa fa fa 00 05 fa fa 00 05
  0x1c0400000890: fa fa 00 fa fa fa 00 04 fa fa 01 fa fa fa fd fd
  0x1c04000008a0: fa fa fd fa fa fa 00 05 fa fa 01 fa fa fa fd fd
  0x1c04000008b0: fa fa 00 04 fa fa 00 06 fa fa fd fd fa fa fd fd
  0x1c04000008c0: fa fa fd fa fa fa 04 fa fa fa fd fd fa fa fd fa
=>0x1c04000008d0: fa fa[03]fa fa fa fa fa fa fa fa fa fa fa fa fa
  0x1c04000008e0: fa fa fa fa fa fa fa fa fa fa fa fa fa fa fa fa
  0x1c04000008f0: fa fa fa fa fa fa fa fa fa fa fa fa fa fa fa fa
  0x1c0400000900: fa fa fa fa fa fa fa fa fa fa fa fa fa fa fa fa
  0x1c0400000910: fa fa fa fa fa fa fa fa fa fa fa fa fa fa fa fa
  0x1c0400000920: fa fa fa fa fa fa fa fa fa fa fa fa fa fa fa fa
Shadow byte legend (one shadow byte represents 8 application bytes):
  Addressable:           00
  Partially addressable: 01 02 03 04 05 06 07 
  Heap left redzone:       fa
  Freed heap region:       fd
  Stack left redzone:      f1
  Stack mid redzone:       f2
  Stack right redzone:     f3
  Stack after return:      f5
  Stack use after scope:   f8
  Global redzone:          f9
  Global init order:       f6
  Poisoned by user:        f7
  Container overflow:      fc
  Array cookie:            ac
  Intra object redzone:    bb
  ASan internal:           fe
  Left alloca redzone:     ca
  Right alloca redzone:    cb
  Shadow gap:              cc
==60258==ABORTING
[1]    60258 abort      ./minishell

minishell$> $a
=================================================================
==60309==ERROR: AddressSanitizer: heap-buffer-overflow on address 0x602000003492 at pc 0x000107fa4c5a bp 0x7ffee7caaf00 sp 0x7ffee7caaef8
READ of size 8 at 0x602000003492 thread T0
    #0 0x107fa4c59 in cmd_check ft_exec_utils3.c:48
    #1 0x107fa81f0 in ft_variable ft_exec_utils5.c:102
    #2 0x107fa961c in ft_var_helper ft_exec_utils7.c:47
    #3 0x107faa2e0 in ft_execute ft_exec_utils7.c:92
    #4 0x107f5916e in main parsing.c:1149
    #5 0x7fff6ee16cc8 in start+0x0 (libdyld.dylib:x86_64+0x1acc8)

0x602000003494 is located 0 bytes to the right of 4-byte region [0x602000003490,0x602000003494)
allocated by thread T0 here:
    #0 0x10806c17d in wrap_malloc+0x9d (libclang_rt.asan_osx_dynamic.dylib:x86_64h+0x4917d)
    #1 0x107f5ade6 in cases even_more_libft_funcs.c:27
    #2 0x107f5a9bf in ft_strjoin even_more_libft_funcs.c:36
    #3 0x107f78121 in side_maker tree_maker_helper.c:31
    #4 0x107f6284a in process_regular_node tree_maker.c:33
    #5 0x107f620a4 in tree_maker tree_maker.c:115
    #6 0x107f6f34c in lexer_to_tree main_helper.c:55
    #7 0x107f58b65 in main parsing.c:1121
    #8 0x7fff6ee16cc8 in start+0x0 (libdyld.dylib:x86_64+0x1acc8)

SUMMARY: AddressSanitizer: heap-buffer-overflow ft_exec_utils3.c:48 in cmd_check
Shadow bytes around the buggy address:
  0x1c0400000640: fa fa fd fd fa fa fd fd fa fa fd fd fa fa fd fd
  0x1c0400000650: fa fa fd fd fa fa fd fd fa fa fd fd fa fa fd fd
  0x1c0400000660: fa fa fd fd fa fa 00 00 fa fa fd fa fa fa 00 04
  0x1c0400000670: fa fa 03 fa fa fa fd fa fa fa fd fa fa fa fd fa
  0x1c0400000680: fa fa fd fa fa fa fd fa fa fa fd fa fa fa fd fa
=>0x1c0400000690: fa fa[04]fa fa fa fd fa fa fa fd fa fa fa fd fa
  0x1c04000006a0: fa fa fd fa fa fa fd fa fa fa fd fa fa fa fd fa
  0x1c04000006b0: fa fa fd fa fa fa fd fa fa fa fd fa fa fa fd fa
  0x1c04000006c0: fa fa fd fa fa fa fd fd fa fa fd fa fa fa fd fa
  0x1c04000006d0: fa fa fd fd fa fa fd fa fa fa fd fa fa fa 03 fa
  0x1c04000006e0: fa fa fd fa fa fa fd fa fa fa fd fa fa fa fd fa
Shadow byte legend (one shadow byte represents 8 application bytes):
  Addressable:           00
  Partially addressable: 01 02 03 04 05 06 07 
  Heap left redzone:       fa
  Freed heap region:       fd
  Stack left redzone:      f1
  Stack mid redzone:       f2
  Stack right redzone:     f3
  Stack after return:      f5
  Stack use after scope:   f8
  Global redzone:          f9
  Global init order:       f6
  Poisoned by user:        f7
  Container overflow:      fc
  Array cookie:            ac
  Intra object redzone:    bb
  ASan internal:           fe
  Left alloca redzone:     ca
  Right alloca redzone:    cb
  Shadow gap:              cc
==60309==ABORTING
[1]    60309 abort      ./minishell

minishell$> $>ls
=================================================================
==60350==ERROR: AddressSanitizer: heap-buffer-overflow on address 0x602000003cf2 at pc 0x00010f04047d bp 0x7ffee0bfcad0 sp 0x7ffee0bfcac8
READ of size 1 at 0x602000003cf2 thread T0
    #0 0x10f04047c in reset_var_expand reset_vars_helper.c:46
    #1 0x10f04222d in expanding reset_vars_helper.c:77
    #2 0x10f041e88 in reset_var_expand_var reset_vars_helper.c:104
    #3 0x10f03ad0a in reset_vars reset_vars.c:113
    #4 0x10f057604 in ft_var_helper ft_exec_utils7.c:46
    #5 0x10f0582e0 in ft_execute ft_exec_utils7.c:92
    #6 0x10f00716e in main parsing.c:1149
    #7 0x7fff6ee16cc8 in start+0x0 (libdyld.dylib:x86_64+0x1acc8)

0x602000003cf2 is located 0 bytes to the right of 2-byte region [0x602000003cf0,0x602000003cf2)
allocated by thread T0 here:
    #0 0x10f11417d in wrap_malloc+0x9d (libclang_rt.asan_osx_dynamic.dylib:x86_64h+0x4917d)
    #1 0x10f005ac7 in ft_strtrim ft_strtrim.c:72
    #2 0x10f021225 in variable_handle list_init_handlers.c:85
    #3 0x10f00f2a8 in cut_and_slice list_init.c:33
    #4 0x10f00fa99 in list_init list_init.c:68
    #5 0x10f04209a in expanding reset_vars_helper.c:72
    #6 0x10f041e88 in reset_var_expand_var reset_vars_helper.c:104
    #7 0x10f03ad0a in reset_vars reset_vars.c:113
    #8 0x10f057604 in ft_var_helper ft_exec_utils7.c:46
    #9 0x10f0582e0 in ft_execute ft_exec_utils7.c:92
    #10 0x10f00716e in main parsing.c:1149
    #11 0x7fff6ee16cc8 in start+0x0 (libdyld.dylib:x86_64+0x1acc8)

SUMMARY: AddressSanitizer: heap-buffer-overflow reset_vars_helper.c:46 in reset_var_expand
Shadow bytes around the buggy address:
  0x1c0400000740: fa fa 02 fa fa fa 05 fa fa fa fd fa fa fa fd fa
  0x1c0400000750: fa fa fd fa fa fa fd fa fa fa fd fa fa fa fd fa
  0x1c0400000760: fa fa fd fa fa fa 00 00 fa fa 02 fa fa fa fd fa
  0x1c0400000770: fa fa fd fa fa fa 02 fa fa fa fd fa fa fa fd fa
  0x1c0400000780: fa fa fd fa fa fa 02 fa fa fa 03 fa fa fa fd fa
=>0x1c0400000790: fa fa 00 00 fa fa fd fa fa fa fd fa fa fa[02]fa
  0x1c04000007a0: fa fa fd fa fa fa fd fa fa fa fa fa fa fa fa fa
  0x1c04000007b0: fa fa fa fa fa fa fa fa fa fa fa fa fa fa fa fa
  0x1c04000007c0: fa fa fa fa fa fa fa fa fa fa fa fa fa fa fa fa
  0x1c04000007d0: fa fa fa fa fa fa fa fa fa fa fa fa fa fa fa fa
  0x1c04000007e0: fa fa fa fa fa fa fa fa fa fa fa fa fa fa fa fa
Shadow byte legend (one shadow byte represents 8 application bytes):
  Addressable:           00
  Partially addressable: 01 02 03 04 05 06 07 
  Heap left redzone:       fa
  Freed heap region:       fd
  Stack left redzone:      f1
  Stack mid redzone:       f2
  Stack right redzone:     f3
  Stack after return:      f5
  Stack use after scope:   f8
  Global redzone:          f9
  Global init order:       f6
  Poisoned by user:        f7
  Container overflow:      fc
  Array cookie:            ac
  Intra object redzone:    bb
  ASan internal:           fe
  Left alloca redzone:     ca
  Right alloca redzone:    cb
  Shadow gap:              cc
==60350==ABORTING
[1]    60350 abort      ./minishell

exit check variable *check

minishell$> $_
=================================================================
==62175==ERROR: AddressSanitizer: heap-buffer-overflow on address 0x602000003492 at pc 0x00010166bcb1 bp 0x7ffeee5e3f00 sp 0x7ffeee5e3ef8
READ of size 8 at 0x602000003492 thread T0
    #0 0x10166bcb0 in cmd_check ft_exec_utils3.c:50
    #1 0x10166f250 in ft_variable ft_exec_utils5.c:102
    #2 0x10167067c in ft_var_helper ft_exec_utils7.c:47
    #3 0x101671340 in ft_execute ft_exec_utils7.c:92
    #4 0x1016201fe in main parsing.c:1149
    #5 0x7fff6ee16cc8 in start+0x0 (libdyld.dylib:x86_64+0x1acc8)

0x602000003494 is located 0 bytes to the right of 4-byte region [0x602000003490,0x602000003494)
allocated by thread T0 here:
    #0 0x10172e17d in wrap_malloc+0x9d (libclang_rt.asan_osx_dynamic.dylib:x86_64h+0x4917d)
    #1 0x101621e66 in cases even_more_libft_funcs.c:27
    #2 0x101621a3f in ft_strjoin even_more_libft_funcs.c:36
    #3 0x10163f1a1 in side_maker tree_maker_helper.c:31
    #4 0x1016298ca in process_regular_node tree_maker.c:33
    #5 0x101629124 in tree_maker tree_maker.c:115
    #6 0x1016363cc in lexer_to_tree main_helper.c:55
    #7 0x10161fbf5 in main parsing.c:1121
    #8 0x7fff6ee16cc8 in start+0x0 (libdyld.dylib:x86_64+0x1acc8)

SUMMARY: AddressSanitizer: heap-buffer-overflow ft_exec_utils3.c:50 in cmd_check
Shadow bytes around the buggy address:
  0x1c0400000640: fa fa fd fd fa fa fd fd fa fa fd fd fa fa fd fd
  0x1c0400000650: fa fa fd fd fa fa fd fd fa fa fd fd fa fa fd fd
  0x1c0400000660: fa fa fd fd fa fa 00 00 fa fa fd fa fa fa 00 04
  0x1c0400000670: fa fa 03 fa fa fa fd fa fa fa fd fa fa fa fd fa
  0x1c0400000680: fa fa fd fa fa fa fd fa fa fa fd fa fa fa fd fa
=>0x1c0400000690: fa fa[04]fa fa fa fd fa fa fa fd fa fa fa fd fa
  0x1c04000006a0: fa fa fd fa fa fa fd fa fa fa fd fa fa fa fd fa
  0x1c04000006b0: fa fa fd fa fa fa fd fa fa fa fd fa fa fa fd fa
  0x1c04000006c0: fa fa fd fa fa fa fd fd fa fa fd fa fa fa fd fa
  0x1c04000006d0: fa fa fd fd fa fa fd fa fa fa fd fa fa fa 03 fa
  0x1c04000006e0: fa fa fd fa fa fa fd fa fa fa fd fa fa fa fd fa
Shadow byte legend (one shadow byte represents 8 application bytes):
  Addressable:           00
  Partially addressable: 01 02 03 04 05 06 07 
  Heap left redzone:       fa
  Freed heap region:       fd
  Stack left redzone:      f1
  Stack mid redzone:       f2
  Stack right redzone:     f3
  Stack after return:      f5
  Stack use after scope:   f8
  Global redzone:          f9
  Global init order:       f6
  Poisoned by user:        f7
  Container overflow:      fc
  Array cookie:            ac
  Intra object redzone:    bb
  ASan internal:           fe
  Left alloca redzone:     ca
  Right alloca redzone:    cb
  Shadow gap:              cc
==62175==ABORTING
[1]    62175 abort      ./minishell

minishell$> $? $? | > ls < $a
minishell: 0: command not found
=================================================================
==82890==ERROR: AddressSanitizer: heap-buffer-overflow on address 0x60200000c752 at pc 0x0001025262ab bp 0x7ffeed6f1990 sp 0x7ffeed6f1988
READ of size 1 at 0x60200000c752 thread T0
    #0 0x1025262aa in process_lnked_lst quotes_handle.c:67
    #1 0x102525fc2 in quote_remove_lst quotes_handle.c:108
    #2 0x102562549 in ft_execute_redir ft_exec_utils7.c:35
    #3 0x1025636fd in ft_execute ft_exec_utils7.c:107
    #4 0x1025667f0 in ft_second_child ft_exec_utils9.c:87
    #5 0x10255d77e in ft_pip ft_exec_utils3.c:36
    #6 0x1025639a8 in ft_execute ft_exec_utils7.c:117
    #7 0x102511e99 in main parsing.c:1148
    #8 0x7fff6ee16cc8 in start+0x0 (libdyld.dylib:x86_64+0x1acc8)

0x60200000c752 is located 1 bytes to the right of 1-byte region [0x60200000c750,0x60200000c751)
allocated by thread T0 here:
    #0 0x10262617d in wrap_malloc+0x9d (libclang_rt.asan_osx_dynamic.dylib:x86_64h+0x4917d)
    #1 0x102541b77 in create_filtered_string quote_handle_two.c:32
    #2 0x1025267c8 in process_lst quotes_handle.c:50
    #3 0x1025261e6 in process_lnked_lst quotes_handle.c:66
    #4 0x102525fc2 in quote_remove_lst quotes_handle.c:108
    #5 0x102562549 in ft_execute_redir ft_exec_utils7.c:35
    #6 0x1025636fd in ft_execute ft_exec_utils7.c:107
    #7 0x1025667f0 in ft_second_child ft_exec_utils9.c:87
    #8 0x10255d77e in ft_pip ft_exec_utils3.c:36
    #9 0x1025639a8 in ft_execute ft_exec_utils7.c:117
    #10 0x102511e99 in main parsing.c:1148
    #11 0x7fff6ee16cc8 in start+0x0 (libdyld.dylib:x86_64+0x1acc8)

SUMMARY: AddressSanitizer: heap-buffer-overflow quotes_handle.c:67 in process_lnked_lst
Shadow bytes around the buggy address:
  0x1c0400001890: fa fa fd fa fa fa fd fa fa fa fd fa fa fa 01 fa
  0x1c04000018a0: fa fa fd fa fa fa 02 fa fa fa fd fa fa fa fd fa
  0x1c04000018b0: fa fa fd fa fa fa 01 fa fa fa fd fa fa fa 03 fa
  0x1c04000018c0: fa fa 00 00 fa fa fd fa fa fa fd fa fa fa fd fa
  0x1c04000018d0: fa fa fd fa fa fa fd fa fa fa fd fa fa fa fd fa
=>0x1c04000018e0: fa fa 00 fa fa fa 03 fa fa fa[01]fa fa fa fa fa
  0x1c04000018f0: fa fa fa fa fa fa fa fa fa fa fa fa fa fa fa fa
  0x1c0400001900: fa fa fa fa fa fa fa fa fa fa fa fa fa fa fa fa
  0x1c0400001910: fa fa fa fa fa fa fa fa fa fa fa fa fa fa fa fa
  0x1c0400001920: fa fa fa fa fa fa fa fa fa fa fa fa fa fa fa fa
  0x1c0400001930: fa fa fa fa fa fa fa fa fa fa fa fa fa fa fa fa
Shadow byte legend (one shadow byte represents 8 application bytes):
  Addressable:           00
  Partially addressable: 01 02 03 04 05 06 07 
  Heap left redzone:       fa
  Freed heap region:       fd
  Stack left redzone:      f1
  Stack mid redzone:       f2
  Stack right redzone:     f3
  Stack after return:      f5
  Stack use after scope:   f8
  Global redzone:          f9
  Global init order:       f6
  Poisoned by user:        f7
  Container overflow:      fc
  Array cookie:            ac
  Intra object redzone:    bb
  ASan internal:           fe
  Left alloca redzone:     ca
  Right alloca redzone:    cb
  Shadow gap:              cc
==82890==ABORTING

minishell$> ("$a")
=================================================================
==82936==ERROR: AddressSanitizer: heap-buffer-overflow on address 0x602000007bcf at pc 0x0001088ba29d bp 0x7ffee7374f70 sp 0x7ffee7374f68
READ of size 1 at 0x602000007bcf thread T0
    #0 0x1088ba29c in no_words_beside ft_split.c:26
    #1 0x1088a1400 in syntax_error syntax_error.c:88
    #2 0x1088a4fe0 in lexer_to_tree main_helper.c:53
    #3 0x10888e8f8 in main parsing.c:1122
    #4 0x7fff6ee16cc8 in start+0x0 (libdyld.dylib:x86_64+0x1acc8)

0x602000007bcf is located 1 bytes to the left of 7-byte region [0x602000007bd0,0x602000007bd7)
allocated by thread T0 here:
    #0 0x1089a217d in wrap_malloc+0x9d (libclang_rt.asan_osx_dynamic.dylib:x86_64h+0x4917d)
    #1 0x10888d857 in ft_strtrim ft_strtrim.c:72
    #2 0x1088a94e5 in handle_parenthases list_init_handlers.c:113
    #3 0x108897070 in cut_and_slice list_init.c:35
    #4 0x1088977b9 in list_init list_init.c:68
    #5 0x1088a4f12 in lexer_to_tree main_helper.c:39
    #6 0x10888e8f8 in main parsing.c:1122
    #7 0x7fff6ee16cc8 in start+0x0 (libdyld.dylib:x86_64+0x1acc8)

SUMMARY: AddressSanitizer: heap-buffer-overflow ft_split.c:26 in no_words_beside
Shadow bytes around the buggy address:
  0x1c0400000f20: fa fa fd fa fa fa fd fd fa fa fd fa fa fa fd fd
  0x1c0400000f30: fa fa fd fa fa fa fd fa fa fa 00 05 fa fa 00 05
  0x1c0400000f40: fa fa 00 fa fa fa 00 04 fa fa 01 fa fa fa fd fa
  0x1c0400000f50: fa fa fd fa fa fa fd fa fa fa 05 fa fa fa 01 fa
  0x1c0400000f60: fa fa fd fa fa fa 00 04 fa fa 07 fa fa fa fd fa
=>0x1c0400000f70: fa fa fd fa fa fa fd fa fa[fa]07 fa fa fa fd fa
  0x1c0400000f80: fa fa fd fa fa fa fa fa fa fa fa fa fa fa fa fa
  0x1c0400000f90: fa fa fa fa fa fa fa fa fa fa fa fa fa fa fa fa
  0x1c0400000fa0: fa fa fa fa fa fa fa fa fa fa fa fa fa fa fa fa
  0x1c0400000fb0: fa fa fa fa fa fa fa fa fa fa fa fa fa fa fa fa
  0x1c0400000fc0: fa fa fa fa fa fa fa fa fa fa fa fa fa fa fa fa
Shadow byte legend (one shadow byte represents 8 application bytes):
  Addressable:           00
  Partially addressable: 01 02 03 04 05 06 07 
  Heap left redzone:       fa
  Freed heap region:       fd
  Stack left redzone:      f1
  Stack mid redzone:       f2
  Stack right redzone:     f3
  Stack after return:      f5
  Stack use after scope:   f8
  Global redzone:          f9
  Global init order:       f6
  Poisoned by user:        f7
  Container overflow:      fc
  Array cookie:            ac
  Intra object redzone:    bb
  ASan internal:           fe
  Left alloca redzone:     ca
  Right alloca redzone:    cb
  Shadow gap:              cc
==82936==ABORTING
[1]    82936 abort      ./minishell

minishell$> ""(
=================================================================
==83041==ERROR: AddressSanitizer: heap-buffer-overflow on address 0x60200000338f at pc 0x000102b8129d bp 0x7ffeed0adf70 sp 0x7ffeed0adf68
READ of size 1 at 0x60200000338f thread T0
    #0 0x102b8129c in no_words_beside ft_split.c:26
    #1 0x102b68400 in syntax_error syntax_error.c:88
    #2 0x102b6bfe0 in lexer_to_tree main_helper.c:53
    #3 0x102b558f8 in main parsing.c:1122
    #4 0x7fff6ee16cc8 in start+0x0 (libdyld.dylib:x86_64+0x1acc8)

0x60200000338f is located 1 bytes to the left of 4-byte region [0x602000003390,0x602000003394)
allocated by thread T0 here:
    #0 0x102c6e17d in wrap_malloc+0x9d (libclang_rt.asan_osx_dynamic.dylib:x86_64h+0x4917d)
    #1 0x102b54857 in ft_strtrim ft_strtrim.c:72
    #2 0x102b6f4f2 in handle_quotes list_init_handlers.c:29
    #3 0x102b5de7f in cut_and_slice list_init.c:29
    #4 0x102b5e7b9 in list_init list_init.c:68
    #5 0x102b6bf12 in lexer_to_tree main_helper.c:39
    #6 0x102b558f8 in main parsing.c:1122
    #7 0x7fff6ee16cc8 in start+0x0 (libdyld.dylib:x86_64+0x1acc8)

SUMMARY: AddressSanitizer: heap-buffer-overflow ft_split.c:26 in no_words_beside
Shadow bytes around the buggy address:
  0x1c0400000620: fa fa fd fd fa fa fd fd fa fa fd fd fa fa fd fd
  0x1c0400000630: fa fa fd fd fa fa fd fd fa fa fd fd fa fa fd fd
  0x1c0400000640: fa fa fd fd fa fa fd fd fa fa fd fd fa fa fd fd
  0x1c0400000650: fa fa fd fd fa fa 00 00 fa fa fd fa fa fa 00 04
  0x1c0400000660: fa fa 04 fa fa fa fd fa fa fa fd fa fa fa fd fa
=>0x1c0400000670: fa[fa]04 fa fa fa fd fa fa fa fd fa fa fa fa fa
  0x1c0400000680: fa fa fa fa fa fa fa fa fa fa fa fa fa fa fa fa
  0x1c0400000690: fa fa fa fa fa fa fa fa fa fa fa fa fa fa fa fa
  0x1c04000006a0: fa fa fa fa fa fa fa fa fa fa fa fa fa fa fa fa
  0x1c04000006b0: fa fa fa fa fa fa fa fa fa fa fa fa fa fa fa fa
  0x1c04000006c0: fa fa fa fa fa fa fa fa fa fa fa fa fa fa fa fa
Shadow byte legend (one shadow byte represents 8 application bytes):
  Addressable:           00
  Partially addressable: 01 02 03 04 05 06 07 
  Heap left redzone:       fa
  Freed heap region:       fd
  Stack left redzone:      f1
  Stack mid redzone:       f2
  Stack right redzone:     f3
  Stack after return:      f5
  Stack use after scope:   f8
  Global redzone:          f9
  Global init order:       f6
  Poisoned by user:        f7
  Container overflow:      fc
  Array cookie:            ac
  Intra object redzone:    bb
  ASan internal:           fe
  Left alloca redzone:     ca
  Right alloca redzone:    cb
  Shadow gap:              cc
==83041==ABORTING
[1]    83041 abort      ./minishell

minishell$> $a || $b $&&
syntax error near unexpected token `&&'
=================================================================
==83167==ERROR: AddressSanitizer: heap-use-after-free on address 0x608000000528 at pc 0x00010f2d5f15 bp 0x7ffee0963170 sp 0x7ffee0963168
READ of size 8 at 0x608000000528 thread T0
    #0 0x10f2d5f14 in export_cases export_cases.c:135
    #1 0x10f2a0949 in main parsing.c:1124
    #2 0x7fff6ee16cc8 in start+0x0 (libdyld.dylib:x86_64+0x1acc8)

0x608000000528 is located 8 bytes inside of 88-byte region [0x608000000520,0x608000000578)
freed by thread T0 here:
    #0 0x10f3b62c6 in wrap_free+0xa6 (libclang_rt.asan_osx_dynamic.dylib:x86_64h+0x492c6)
    #1 0x10f2ad456 in free_tree free_everything.c:94
    #2 0x10f2a102b in main parsing.c:1156
    #3 0x7fff6ee16cc8 in start+0x0 (libdyld.dylib:x86_64+0x1acc8)

previously allocated by thread T0 here:
    #0 0x10f3b617d in wrap_malloc+0x9d (libclang_rt.asan_osx_dynamic.dylib:x86_64h+0x4917d)
    #1 0x10f2bff2c in init_tree_node tree_maker_helper.c:41
    #2 0x10f2c151d in process_operation_node tree_maker_helper_three.c:20
    #3 0x10f2aa0e4 in find_and_process_operation tree_maker.c:64
    #4 0x10f2a9ca9 in tree_maker tree_maker.c:107
    #5 0x10f2b70c5 in lexer_to_tree main_helper.c:57
    #6 0x10f2a08f8 in main parsing.c:1122
    #7 0x7fff6ee16cc8 in start+0x0 (libdyld.dylib:x86_64+0x1acc8)

SUMMARY: AddressSanitizer: heap-use-after-free export_cases.c:135 in export_cases
Shadow bytes around the buggy address:
  0x1c1000000050: fa fa fa fa 00 00 00 00 00 00 00 00 00 00 00 00
  0x1c1000000060: fa fa fa fa 00 00 00 00 00 00 00 00 00 00 03 fa
  0x1c1000000070: fa fa fa fa fd fd fd fd fd fd fd fd fd fd fd fa
  0x1c1000000080: fa fa fa fa fd fd fd fd fd fd fd fd fd fd fd fa
  0x1c1000000090: fa fa fa fa fd fd fd fd fd fd fd fd fd fd fd fa
=>0x1c10000000a0: fa fa fa fa fd[fd]fd fd fd fd fd fd fd fd fd fa
  0x1c10000000b0: fa fa fa fa fd fd fd fd fd fd fd fd fd fd fd fa
  0x1c10000000c0: fa fa fa fa fd fd fd fd fd fd fd fd fd fd fd fa
  0x1c10000000d0: fa fa fa fa fd fd fd fd fd fd fd fd fd fd fd fa
  0x1c10000000e0: fa fa fa fa fd fd fd fd fd fd fd fd fd fd fd fa
  0x1c10000000f0: fa fa fa fa fa fa fa fa fa fa fa fa fa fa fa fa
Shadow byte legend (one shadow byte represents 8 application bytes):
  Addressable:           00
  Partially addressable: 01 02 03 04 05 06 07 
  Heap left redzone:       fa
  Freed heap region:       fd
  Stack left redzone:      f1
  Stack mid redzone:       f2
  Stack right redzone:     f3
  Stack after return:      f5
  Stack use after scope:   f8
  Global redzone:          f9
  Global init order:       f6
  Poisoned by user:        f7
  Container overflow:      fc
  Array cookie:            ac
  Intra object redzone:    bb
  ASan internal:           fe
  Left alloca redzone:     ca
  Right alloca redzone:    cb
  Shadow gap:              cc
==83167==ABORTING
[1]    83167 abort      ./minishell

minishell$> ""$<$>""
=================================================================
==83243==ERROR: AddressSanitizer: heap-buffer-overflow on address 0x6020000043d1 at pc 0x00010c3872ab bp 0x7ffee3891050 sp 0x7ffee3891048
READ of size 1 at 0x6020000043d1 thread T0
    #0 0x10c3872aa in process_lnked_lst quotes_handle.c:67
    #1 0x10c386fc2 in quote_remove_lst quotes_handle.c:108
    #2 0x10c372bdf in main parsing.c:1143
    #3 0x7fff6ee16cc8 in start+0x0 (libdyld.dylib:x86_64+0x1acc8)

0x6020000043d1 is located 0 bytes to the right of 1-byte region [0x6020000043d0,0x6020000043d1)
allocated by thread T0 here:
    #0 0x10c48917d in wrap_malloc+0x9d (libclang_rt.asan_osx_dynamic.dylib:x86_64h+0x4917d)
    #1 0x10c3a2b77 in create_filtered_string quote_handle_two.c:32
    #2 0x10c3877c8 in process_lst quotes_handle.c:50
    #3 0x10c3871e6 in process_lnked_lst quotes_handle.c:66
    #4 0x10c386fc2 in quote_remove_lst quotes_handle.c:108
    #5 0x10c372bdf in main parsing.c:1143
    #6 0x7fff6ee16cc8 in start+0x0 (libdyld.dylib:x86_64+0x1acc8)

SUMMARY: AddressSanitizer: heap-buffer-overflow quotes_handle.c:67 in process_lnked_lst
Shadow bytes around the buggy address:
  0x1c0400000820: fa fa fd fa fa fa fd fa fa fa fd fa fa fa fd fa
  0x1c0400000830: fa fa fd fa fa fa fd fa fa fa 00 00 fa fa 04 fa
  0x1c0400000840: fa fa fd fd fa fa fd fa fa fa 02 fa fa fa fd fa
  0x1c0400000850: fa fa fd fa fa fa fd fa fa fa 04 fa fa fa fd fa
  0x1c0400000860: fa fa 02 fa fa fa fd fa fa fa fd fa fa fa fd fa
=>0x1c0400000870: fa fa 04 fa fa fa 02 fa fa fa[01]fa fa fa fa fa
  0x1c0400000880: fa fa fa fa fa fa fa fa fa fa fa fa fa fa fa fa
  0x1c0400000890: fa fa fa fa fa fa fa fa fa fa fa fa fa fa fa fa
  0x1c04000008a0: fa fa fa fa fa fa fa fa fa fa fa fa fa fa fa fa
  0x1c04000008b0: fa fa fa fa fa fa fa fa fa fa fa fa fa fa fa fa
  0x1c04000008c0: fa fa fa fa fa fa fa fa fa fa fa fa fa fa fa fa
Shadow byte legend (one shadow byte represents 8 application bytes):
  Addressable:           00
  Partially addressable: 01 02 03 04 05 06 07 
  Heap left redzone:       fa
  Freed heap region:       fd
  Stack left redzone:      f1
  Stack mid redzone:       f2
  Stack right redzone:     f3
  Stack after return:      f5
  Stack use after scope:   f8
  Global redzone:          f9
  Global init order:       f6
  Poisoned by user:        f7
  Container overflow:      fc
  Array cookie:            ac
  Intra object redzone:    bb
  ASan internal:           fe
  Left alloca redzone:     ca
  Right alloca redzone:    cb
  Shadow gap:              cc
==83243==ABORTING
[1]    83243 abort      ./minishell

minishell$> echo -nnnnnn ()
syntax error near unexpected token `-nnnnnn'
=================================================================
==83501==ERROR: AddressSanitizer: heap-use-after-free on address 0x608000000628 at pc 0x00010702eeb5 bp 0x7ffee8c0a170 sp 0x7ffee8c0a168
READ of size 8 at 0x608000000628 thread T0
    #0 0x10702eeb4 in export_cases export_cases.c:135
    #1 0x106ff98e9 in main parsing.c:1124
    #2 0x7fff6ee16cc8 in start+0x0 (libdyld.dylib:x86_64+0x1acc8)

0x608000000628 is located 8 bytes inside of 88-byte region [0x608000000620,0x608000000678)
freed by thread T0 here:
    #0 0x10749f2c6 in wrap_free+0xa6 (libclang_rt.asan_osx_dynamic.dylib:x86_64h+0x492c6)
    #1 0x1070063f6 in free_tree free_everything.c:94
    #2 0x106ff9fcb in main parsing.c:1156
    #3 0x7fff6ee16cc8 in start+0x0 (libdyld.dylib:x86_64+0x1acc8)

previously allocated by thread T0 here:
    #0 0x10749f17d in wrap_malloc+0x9d (libclang_rt.asan_osx_dynamic.dylib:x86_64h+0x4917d)
    #1 0x107018ecc in init_tree_node tree_maker_helper.c:41
    #2 0x1070034a5 in process_regular_node tree_maker.c:29
    #3 0x107002d64 in tree_maker tree_maker.c:115
    #4 0x107010065 in lexer_to_tree main_helper.c:57
    #5 0x106ff9898 in main parsing.c:1122
    #6 0x7fff6ee16cc8 in start+0x0 (libdyld.dylib:x86_64+0x1acc8)

SUMMARY: AddressSanitizer: heap-use-after-free export_cases.c:135 in export_cases
Shadow bytes around the buggy address:
  0x1c1000000070: fa fa fa fa fd fd fd fd fd fd fd fd fd fd fd fa
  0x1c1000000080: fa fa fa fa fd fd fd fd fd fd fd fd fd fd fd fa
  0x1c1000000090: fa fa fa fa fd fd fd fd fd fd fd fd fd fd fd fa
  0x1c10000000a0: fa fa fa fa fd fd fd fd fd fd fd fd fd fd fd fa
  0x1c10000000b0: fa fa fa fa fd fd fd fd fd fd fd fd fd fd fd fa
=>0x1c10000000c0: fa fa fa fa fd[fd]fd fd fd fd fd fd fd fd fd fa
  0x1c10000000d0: fa fa fa fa fa fa fa fa fa fa fa fa fa fa fa fa
  0x1c10000000e0: fa fa fa fa fa fa fa fa fa fa fa fa fa fa fa fa
  0x1c10000000f0: fa fa fa fa fa fa fa fa fa fa fa fa fa fa fa fa
  0x1c1000000100: fa fa fa fa fa fa fa fa fa fa fa fa fa fa fa fa
  0x1c1000000110: fa fa fa fa fa fa fa fa fa fa fa fa fa fa fa fa
Shadow byte legend (one shadow byte represents 8 application bytes):
  Addressable:           00
  Partially addressable: 01 02 03 04 05 06 07 
  Heap left redzone:       fa
  Freed heap region:       fd
  Stack left redzone:      f1
  Stack mid redzone:       f2
  Stack right redzone:     f3
  Stack after return:      f5
  Stack use after scope:   f8
  Global redzone:          f9
  Global init order:       f6
  Poisoned by user:        f7
  Container overflow:      fc
  Array cookie:            ac
  Intra object redzone:    bb
  ASan internal:           fe
  Left alloca redzone:     ca
  Right alloca redzone:    cb
  Shadow gap:              cc
==83501==ABORTING
[1]    83501 abort      ./minishell

<< ""
ambiguous redirect it must enter here_doc and delimiter empty 

minishell$> ($?)
=================================================================
==84024==ERROR: AddressSanitizer: heap-buffer-overflow on address 0x602000003a4f at pc 0x000101eab23d bp 0x7ffeedd83f70 sp 0x7ffeedd83f68
READ of size 1 at 0x602000003a4f thread T0
    #0 0x101eab23c in no_words_beside ft_split.c:26
    #1 0x101e923a0 in syntax_error syntax_error.c:88
    #2 0x101e95f80 in lexer_to_tree main_helper.c:53
    #3 0x101e7f898 in main parsing.c:1122
    #4 0x7fff6ee16cc8 in start+0x0 (libdyld.dylib:x86_64+0x1acc8)

0x602000003a4f is located 1 bytes to the left of 5-byte region [0x602000003a50,0x602000003a55)
allocated by thread T0 here:
    #0 0x101f9017d in wrap_malloc+0x9d (libclang_rt.asan_osx_dynamic.dylib:x86_64h+0x4917d)
    #1 0x101e7e7f7 in ft_strtrim ft_strtrim.c:72
    #2 0x101e9a485 in handle_parenthases list_init_handlers.c:113
    #3 0x101e88010 in cut_and_slice list_init.c:35
    #4 0x101e88759 in list_init list_init.c:68
    #5 0x101e95eb2 in lexer_to_tree main_helper.c:39
    #6 0x101e7f898 in main parsing.c:1122
    #7 0x7fff6ee16cc8 in start+0x0 (libdyld.dylib:x86_64+0x1acc8)

SUMMARY: AddressSanitizer: heap-buffer-overflow ft_split.c:26 in no_words_beside
Shadow bytes around the buggy address:
  0x1c04000006f0: fa fa fd fd fa fa fd fa fa fa fd fa fa fa fd fa
  0x1c0400000700: fa fa fd fa fa fa fd fa fa fa fd fa fa fa fd fd
  0x1c0400000710: fa fa fd fa fa fa fd fd fa fa fd fa fa fa 00 05
  0x1c0400000720: fa fa 00 05 fa fa 00 fa fa fa 00 04 fa fa fd fa
  0x1c0400000730: fa fa fd fa fa fa 00 04 fa fa 05 fa fa fa fd fa
=>0x1c0400000740: fa fa fd fa fa fa fd fa fa[fa]05 fa fa fa fd fa
  0x1c0400000750: fa fa fd fa fa fa fa fa fa fa fa fa fa fa fa fa
  0x1c0400000760: fa fa fa fa fa fa fa fa fa fa fa fa fa fa fa fa
  0x1c0400000770: fa fa fa fa fa fa fa fa fa fa fa fa fa fa fa fa
  0x1c0400000780: fa fa fa fa fa fa fa fa fa fa fa fa fa fa fa fa
  0x1c0400000790: fa fa fa fa fa fa fa fa fa fa fa fa fa fa fa fa
Shadow byte legend (one shadow byte represents 8 application bytes):
  Addressable:           00
  Partially addressable: 01 02 03 04 05 06 07 
  Heap left redzone:       fa
  Freed heap region:       fd
  Stack left redzone:      f1
  Stack mid redzone:       f2
  Stack right redzone:     f3
  Stack after return:      f5
  Stack use after scope:   f8
  Global redzone:          f9
  Global init order:       f6
  Poisoned by user:        f7
  Container overflow:      fc
  Array cookie:            ac
  Intra object redzone:    bb
  ASan internal:           fe
  Left alloca redzone:     ca
  Right alloca redzone:    cb
  Shadow gap:              cc
==84024==ABORTING
[1]    84024 abort      ./minishell

minishell$> ""ls ($"")
syntax error near unexpected token `""ls'
=================================================================
==84093==ERROR: AddressSanitizer: heap-use-after-free on address 0x608000000428 at pc 0x00010677feb5 bp 0x7ffee94b9170 sp 0x7ffee94b9168
READ of size 8 at 0x608000000428 thread T0
    #0 0x10677feb4 in export_cases export_cases.c:135
    #1 0x10674a8e9 in main parsing.c:1124
    #2 0x7fff6ee16cc8 in start+0x0 (libdyld.dylib:x86_64+0x1acc8)

0x608000000428 is located 8 bytes inside of 88-byte region [0x608000000420,0x608000000478)
freed by thread T0 here:
    #0 0x1068632c6 in wrap_free+0xa6 (libclang_rt.asan_osx_dynamic.dylib:x86_64h+0x492c6)
    #1 0x1067573f6 in free_tree free_everything.c:94
    #2 0x10674afcb in main parsing.c:1156
    #3 0x7fff6ee16cc8 in start+0x0 (libdyld.dylib:x86_64+0x1acc8)

previously allocated by thread T0 here:
    #0 0x10686317d in wrap_malloc+0x9d (libclang_rt.asan_osx_dynamic.dylib:x86_64h+0x4917d)
    #1 0x106769ecc in init_tree_node tree_maker_helper.c:41
    #2 0x1067544a5 in process_regular_node tree_maker.c:29
    #3 0x106753d64 in tree_maker tree_maker.c:115
    #4 0x106761065 in lexer_to_tree main_helper.c:57
    #5 0x10674a898 in main parsing.c:1122
    #6 0x7fff6ee16cc8 in start+0x0 (libdyld.dylib:x86_64+0x1acc8)

SUMMARY: AddressSanitizer: heap-use-after-free export_cases.c:135 in export_cases
Shadow bytes around the buggy address:
  0x1c1000000030: fa fa fa fa 00 00 00 00 00 00 00 00 00 00 00 03
  0x1c1000000040: fa fa fa fa 00 00 00 00 00 00 00 00 00 00 00 00
  0x1c1000000050: fa fa fa fa 00 00 00 00 00 00 00 00 00 00 00 00
  0x1c1000000060: fa fa fa fa 00 00 00 00 00 00 00 00 00 00 03 fa
  0x1c1000000070: fa fa fa fa fd fd fd fd fd fd fd fd fd fd fd fa
=>0x1c1000000080: fa fa fa fa fd[fd]fd fd fd fd fd fd fd fd fd fa
  0x1c1000000090: fa fa fa fa fa fa fa fa fa fa fa fa fa fa fa fa
  0x1c10000000a0: fa fa fa fa fa fa fa fa fa fa fa fa fa fa fa fa
  0x1c10000000b0: fa fa fa fa fa fa fa fa fa fa fa fa fa fa fa fa
  0x1c10000000c0: fa fa fa fa fa fa fa fa fa fa fa fa fa fa fa fa
  0x1c10000000d0: fa fa fa fa fa fa fa fa fa fa fa fa fa fa fa fa
Shadow byte legend (one shadow byte represents 8 application bytes):
  Addressable:           00
  Partially addressable: 01 02 03 04 05 06 07 
  Heap left redzone:       fa
  Freed heap region:       fd
  Stack left redzone:      f1
  Stack mid redzone:       f2
  Stack right redzone:     f3
  Stack after return:      f5
  Stack use after scope:   f8
  Global redzone:          f9
  Global init order:       f6
  Poisoned by user:        f7
  Container overflow:      fc
  Array cookie:            ac
  Intra object redzone:    bb
  ASan internal:           fe
  Left alloca redzone:     ca
  Right alloca redzone:    cb
  Shadow gap:              cc
==84093==ABORTING
[1]    84093 abort      ./minishell

 $? | $?
minishell: 0: command not found
minishell: 0: command not found

minishell$> cat | ls | cat | cat | cat | ls | cat | ls | cat | cat | cat | ls |cat | ls | cat | cat | cat | ls |cat | ls | cat | cat | cat | ls |cat | ls | cat | cat | cat | ls |cat | ls | cat | cat | cat | ls |cat | ls | cat | cat | cat | ls |cat | ls | cat | cat | cat | ls |cat | ls | cat | cat | cat | ls |cat | ls | cat | cat | cat | ls |cat | ls | cat | cat | cat | ls |cat | ls | cat | cat | cat | ls |cat | ls | cat | cat | cat | ls |cat | ls | cat | cat | cat | ls |cat | ls | cat | cat | cat | ls |cat | ls | cat | cat | cat | ls |cat | ls | cat | cat | cat | ls |cat | ls | cat | cat | cat | ls |cat | ls | cat | cat | cat | ls |cat | ls | cat | cat | cat | ls |cat | ls | cat | cat | cat | ls |cat | ls | cat | cat | cat | ls |cat | ls | cat | cat | cat | ls |cat | ls | cat | cat | cat | ls |cat | ls | cat | cat | cat | ls |cat | ls | cat | cat | cat | ls |cat | ls | cat | cat | cat | ls |cat | ls | cat | cat | cat | ls |cat | ls | cat | cat | cat | ls |cat | ls | cat | cat | cat | ls |cat | ls | cat | cat | cat | ls |cat | ls | cat | cat | cat | ls |cat | ls | cat | cat | cat | ls |cat | ls | cat | cat | cat | ls |cat | ls | cat | cat | cat | ls |cat | ls | cat | cat | cat | ls |cat | ls | cat | cat | cat | ls |cat | ls | cat | cat | cat | ls |cat | ls | cat | cat | cat | ls |cat | ls | cat | cat | cat | ls |cat | ls | cat | cat | cat | ls |cat | ls | cat | cat | cat | ls |cat | ls | cat | cat | cat | ls |cat | ls | cat | cat | cat | ls |cat | ls | cat | cat | cat | ls |cat | ls | cat | cat | cat | ls |cat | ls | cat | cat | cat | ls |cat | ls | cat | cat | cat | ls |cat | ls | cat | cat | cat | ls |cat | ls | cat | cat | cat | ls |cat | ls | cat | cat | cat | ls |cat | ls | cat | cat | cat | ls |cat | ls | cat | cat | cat | ls |cat | ls | cat | cat | cat | ls |cat | ls | cat | cat | cat | ls |cat | ls | cat | cat | cat | ls |cat | ls | cat | cat | cat | ls |cat | ls | cat | cat | cat | ls |cat | ls | cat | cat | cat | ls |cat | ls | cat | cat | cat | ls |cat | ls | cat | cat | cat | ls |cat | ls | cat | cat | cat | ls |cat | ls | cat | cat | cat | ls |cat | ls | cat | cat | cat | ls |cat | ls | cat | cat | cat | ls |cat | ls | cat | cat | cat | ls |cat | ls | cat | cat | cat | ls |cat | ls | cat | cat | cat | ls |cat | ls | cat | cat | cat | ls |cat | ls | cat | cat | cat | ls |cat | ls | cat | cat | cat | ls |cat | ls | cat | cat | cat | ls |cat | ls | cat | cat | cat | ls |cat | ls | cat | cat | cat | ls |cat | ls | cat | cat | cat | ls |cat | ls | cat | cat | cat | ls |cat | ls | cat | cat | cat | ls |cat | ls | cat | cat | cat | ls |cat | ls | cat | cat | cat | ls |cat | ls | cat | cat | cat | ls |cat | ls | cat | cat | cat | ls |cat | ls | cat | cat | cat | ls |cat | ls | cat | cat | cat | ls |cat | ls | cat | cat | cat | ls |cat | ls | cat | cat | cat | ls |cat | ls | cat | cat | cat | ls |cat | ls | cat | cat | cat | ls |cat | ls | cat | cat | cat | ls |cat | ls | cat | cat | cat | ls |cat | ls | cat | cat | cat | ls |cat | ls | cat | cat | cat | ls |cat | ls | cat | cat | cat | ls |cat | ls | cat | cat | cat | ls |cat | ls | cat | cat | cat | ls |cat | ls | cat | cat | cat | ls |cat | ls | cat | cat | cat | ls |cat | ls | cat | cat | cat | ls |cat | ls | cat | cat | cat | ls |cat | ls | cat | cat | cat | ls |cat | ls | cat | cat | cat | ls |cat | ls | cat | cat | cat | ls |cat | ls | cat | cat | cat | ls |cat | ls | cat | cat | cat | ls |cat | ls | cat | cat | cat | ls |cat | ls | cat | cat | cat | ls |cat | ls | cat | cat | cat | ls |cat | ls | cat | cat | cat | ls |cat | ls | cat | cat | cat | ls |cat | ls | cat | cat | cat | ls |cat | ls | cat | cat | cat | ls |cat | ls | cat | cat | cat | ls |cat | ls | cat | cat | cat | ls |cat | ls | cat | cat | cat | ls |cat | ls | cat | cat | cat | ls |cat | ls | cat | cat | cat | ls |cat | ls | cat | cat | cat | ls |cat | ls | cat | cat | cat | ls |cat | ls | cat | cat | cat | ls |cat | ls | cat | cat | cat | ls |cat | ls | cat | cat | cat | ls |cat | ls | cat | cat | cat | ls |cat | ls | cat | cat | cat | ls |cat | ls | cat | cat | cat | ls |cat | ls | cat | cat | cat | ls |cat | ls | cat | cat | cat | ls |cat | ls | cat | cat | cat | ls |cat | ls | cat | cat | cat | ls |cat | ls | cat | cat | cat | ls |cat | ls | cat | cat | cat | ls |cat | ls | cat | cat | cat | ls |cat | ls | cat | cat | cat | ls |cat | ls | cat | cat | cat | ls |cat | ls | cat | cat | cat | ls |cat | ls | cat | cat | cat | ls |cat | ls | cat | cat | cat | ls |cat | ls | cat | cat | cat | ls |cat | ls | cat | cat | cat | ls |cat | ls | cat | cat | cat | ls |cat | ls | cat | cat | cat | ls |cat | ls | cat | cat | cat | ls |cat | ls | cat | cat | cat | ls |cat | ls | cat | cat | cat | ls |cat | ls | cat | cat | cat | ls |cat | ls | cat | cat | cat | ls |cat | ls | cat | cat | cat | ls |cat | ls | cat | cat | cat | ls |cat | ls | cat | cat | cat | ls |cat | ls | cat | cat | cat | ls |cat | ls | cat | cat | cat | ls |cat | ls | cat | cat | cat | ls |cat | ls | cat | cat | cat | ls |cat | ls | cat | cat | cat | ls |cat | ls | cat | cat | cat | ls |cat | ls | cat | cat | cat | ls |cat | ls | cat | cat | cat | ls |cat | ls | cat | cat | cat | ls |cat | ls | cat | cat | cat | ls |cat | ls | cat | cat | cat | ls |cat | ls | cat | cat | cat | ls |cat | ls | cat | cat | cat | ls |cat | ls | cat | cat | cat | ls |cat | ls | cat | cat | cat | ls |cat | ls | cat | cat | cat | ls |cat | ls | cat | cat | cat | ls |cat | ls | cat | cat | cat | ls |cat | ls | cat | cat | cat | ls |cat | ls | cat | cat | cat | ls |cat | ls | cat | cat | cat | ls |cat | ls | cat | cat | cat | ls |cat | ls | cat | cat | cat | ls |cat | ls | cat | cat | cat | ls |cat | ls | cat | cat | cat | ls |cat | ls | cat | cat | cat | ls |cat | ls | cat | cat | cat | ls |cat | ls | cat | cat | cat | ls |cat | ls | cat | cat | cat | ls | sleep 10000

sleep 10000 must not work

< makefile  echo hello

minishell$> < ()
minishell: : No such file or directory

export a=$a$a$a$a$a$a$a$a$a

minishell$> * > ""
ambiguous redirect it must display no such file or directory


minishell$> ((export a=lsls) || ls && echo ufhtu | catt)
((export a=lsls) || ls && echo ufhtu | catt)
PARENTHASIS

=================================================================
==89416==ERROR: AddressSanitizer: heap-buffer-overflow on address 0x60400000098f at pc 0x00010480558d bp 0x7ffeeb42aee0 sp 0x7ffeeb42aed8
READ of size 1 at 0x60400000098f thread T0
    #0 0x10480558c in no_words_beside ft_split.c:26
    #1 0x1047ec620 in syntax_error syntax_error.c:88
    #2 0x1047f0318 in lexer_to_tree main_helper.c:52
    #3 0x1047d907c in main parsing.c:1134
    #4 0x7fff713bacc8 in start+0x0 (libdyld.dylib:x86_64+0x1acc8)

0x60400000098f is located 1 bytes to the left of 45-byte region [0x604000000990,0x6040000009bd)
allocated by thread T0 here:
    #0 0x1048f117d in wrap_malloc+0x9d (libclang_rt.asan_osx_dynamic.dylib:x86_64h+0x4917d)
    #1 0x1047d8017 in ft_strtrim ft_strtrim.c:72
    #2 0x1047f4825 in handle_parenthases list_init_handlers.c:112
    #3 0x1047e1b10 in cut_and_slice list_init.c:35
    #4 0x1047e2259 in list_init list_init.c:68
    #5 0x1047f0117 in lexer_to_tree main_helper.c:39
    #6 0x1047d907c in main parsing.c:1134
    #7 0x7fff713bacc8 in start+0x0 (libdyld.dylib:x86_64+0x1acc8)

SUMMARY: AddressSanitizer: heap-buffer-overflow ft_split.c:26 in no_words_beside
Shadow bytes around the buggy address:
  0x1c08000000e0: fa fa fd fd fd fd fd fd fa fa fd fd fd fd fd fa
  0x1c08000000f0: fa fa fd fd fd fd fd fa fa fa fd fd fd fd fd fd
  0x1c0800000100: fa fa 00 00 00 00 00 03 fa fa fd fd fd fd fd fd
  0x1c0800000110: fa fa 00 00 00 00 00 05 fa fa fd fd fd fd fd fd
  0x1c0800000120: fa fa fd fd fd fd fd fd fa fa fd fd fd fd fd fd
=>0x1c0800000130: fa[fa]00 00 00 00 00 05 fa fa fa fa fa fa fa fa
  0x1c0800000140: fa fa fa fa fa fa fa fa fa fa fa fa fa fa fa fa
  0x1c0800000150: fa fa fa fa fa fa fa fa fa fa fa fa fa fa fa fa
  0x1c0800000160: fa fa fa fa fa fa fa fa fa fa fa fa fa fa fa fa
  0x1c0800000170: fa fa fa fa fa fa fa fa fa fa fa fa fa fa fa fa
  0x1c0800000180: fa fa fa fa fa fa fa fa fa fa fa fa fa fa fa fa
Shadow byte legend (one shadow byte represents 8 application bytes):
  Addressable:           00
  Partially addressable: 01 02 03 04 05 06 07 
  Heap left redzone:       fa
  Freed heap region:       fd
  Stack left redzone:      f1
  Stack mid redzone:       f2
  Stack right redzone:     f3
  Stack after return:      f5
  Stack use after scope:   f8
  Global redzone:          f9
  Global init order:       f6
  Poisoned by user:        f7
  Container overflow:      fc
  Array cookie:            ac
  Intra object redzone:    bb
  ASan internal:           fe
  Left alloca redzone:     ca
  Right alloca redzone:    cb
  Shadow gap:              cc
==89416==ABORTING
[1]    89416 abort      ./minishell

-------------------------

minishell$> echo
minishell$> echo
minishell$> echo
minishell$> 

exit status in ctrl c prompt == 1






minishell$> ../../../minishell
minishell$> pwd

minishell$> ls

===========================================================

minishell$> "
Syntax error: open quotes.
minishell$> echo $?
127 with leak in parsing


minishell$> export PATH="      "
minishell$> makefile 
makefile: Permission denied
minishell$> $?
126: No such file or directory

minishell$> export b="tabs"
minishell$> ls$b-l
minishell: ls                   -l: command not found


minishell$> << 'p' cat
> $USER
> p
aakroud
minishell$> << "p" cat
> $USER
> p
aakroud

minishell$> echo$>>k|cat
minishell$> export a="     "
minishell$> rm ;
minishell$> echo$a$>>k|cat$a-e
minishell: echo$a$: command not found
minishell$> echo$a-qwerty
-qwerty
minishell$> echo$a $>>k|cat$a-e
minishell: echo$a: command not found
minishell$> echo$a>>k|cat$a-e
minishell: echo$a: command not found
minishell$> export a="      "
minishell$> echo$a>>k|cat$a-e
minishell: echo$a: command not found

    3 (48 bytes) << TOTAL >>
      1 (16 bytes) ROOT LEAK: 0x7f9a1b004570 [16]  length: 2  "$""
      1 (16 bytes) ROOT LEAK: 0x7f9a1b104280 [16]  length: 1  "'"
      1 (16 bytes) ROOT LEAK: 0x7f9a1b204420 [16]  length: 1  """


➜  mini2 git:(executor) ✗ ./minishell
minishell$> exit "   1"
exit
minishell: exit:    1: numeric argument required
➜  mini2 git:(executor) ✗ $?
zsh: command not found: 255

minishell$> exit 9223372036854775808
exit
➜  mini2 git:(executor) ✗ $?
zsh: command not found: 0

minishell$> ./minishell
minishell$> cntrl + c
minishell$> 
exit
minishell$> $?
minishell: 0: command not found

minishell$> ctrl c
minishell$> enter
minishell$> $?
minishell: 0: command not found
minishell$> 
minishell$> 
minishell$> $?
minishell: 127: command not found

minishell$> cd /bin
[1]    16650 segmentation fault  env -i ./minishell

in env -i ./minishell when i unset all variables 1PWD is NULL

expor''t

getcwd: cannot access parent directories: 

minishell$> ($?)
syntax error near unexpected token

minishell$> export y=pop
minishell$> ./minishell
minishell$> echo $y

 1 (16 bytes) ROOT LEAK: 0x7fbfcac084f0 [16]  length: 4  "&'&;"
