

bash-3.2$ (ls())
bash: syntax error near unexpected token `)'
bash-3.2$ (ls |)
bash: syntax error near unexpected token `)'
bash-3.2$ (ls ||)
bash: syntax error near unexpected token `)'
bash-3.2$ (echo hi) > echo hi
bash: syntax error near unexpected token `hi'
bash-3.2$ (|ls)
bash: syntax error near unexpected token `|'


minishell$> $s
minishell:      : command not found
minishell$>   